2025-09-26 16:34:31.9161||TRACE|getTokenBacSy|----------------------------------------- 
2025-09-26 16:34:32.0401||TRACE|getTokenBacSy|url  : https://api.donthuocquocgia.vn/api/auth/dang-nhap-bac-si 
2025-09-26 16:35:35.8083||TRACE|getTokenBacSy|https://api.donthuocquocgia.vn/api/auth/dang-nhap-bac-si 
2025-09-26 16:35:36.5095||TRACE|getTokenBacSy|WebRequest The remote server returned an error: (422) Unprocessable Entity. 
2025-09-26 16:36:17.4164||DEBUG|getTokenBacSy|Dữ liệu trả về : The remote server returned an error: (422) Unprocessable Entity. 
2025-09-26 16:36:44.1210||ERROR|getTokenBacSy|Unexpected character encountered while parsing value: T. Path '', line 0, position 0. 
2025-09-26 16:37:12.9932||TRACE|getTokenBacSy|----------------------------------------- 
2025-09-26 16:37:19.1091||TRACE|getTokenBacSy|url  : https://api.donthuocquocgia.vn/api/auth/dang-nhap-bac-si 
2025-09-26 16:39:40.2971||TRACE|getTokenBacSy|https://api.donthuocquocgia.vn/api/auth/dang-nhap-bac-si 
2025-09-26 16:39:41.8648||TRACE|getTokenBacSy|----------------------------------------- 
2025-09-26 16:39:41.9447||TRACE|getTokenBacSy|url  : https://api.donthuocquocgia.vn/api/auth/dang-nhap-bac-si 
2025-09-26 16:39:42.7407||TRACE|getTokenBacSy|{"token":"eyJ0eXAiOiJKV1QiLCJhbGciOiJIUzI1NiJ9.eyJpc3MiOiJodHRwOi8vYXBpLmRvbnRodW9jcXVvY2dpYS52bi9hcGkvYXV0aC9kYW5nLW5oYXAtYmFjLXNpIiwiaWF0IjoxNzU4ODc5NjU0LCJleHAiOjE3NTk0ODQ0NTQsIm5iZiI6MTc1ODg3OTY1NCwianRpIjoiaFU4M09kdjd3SWNUMEFVZiIsInN1YiI6IjY1ZGVlYTBlMTcwY2M0NGJhYzNhNjQ5MSIsInBydiI6Ijg3ZTBhZjFlZjlmZDE1ODEyZmRlYzk3MTUzYTE0ZTBiMDQ3NTQ2YWEifQ.a06RCb_kzQ5LJpSd8GjyuPqvdaMaXSmUOU1aCdPjvEw","token_type":"bearer"} 
2025-09-26 16:39:44.0539||DEBUG|getTokenBacSy|Dữ liệu trả về : {"token":"eyJ0eXAiOiJKV1QiLCJhbGciOiJIUzI1NiJ9.eyJpc3MiOiJodHRwOi8vYXBpLmRvbnRodW9jcXVvY2dpYS52bi9hcGkvYXV0aC9kYW5nLW5oYXAtYmFjLXNpIiwiaWF0IjoxNzU4ODc5NjU0LCJleHAiOjE3NTk0ODQ0NTQsIm5iZiI6MTc1ODg3OTY1NCwianRpIjoiaFU4M09kdjd3SWNUMEFVZiIsInN1YiI6IjY1ZGVlYTBlMTcwY2M0NGJhYzNhNjQ5MSIsInBydiI6Ijg3ZTBhZjFlZjlmZDE1ODEyZmRlYzk3MTUzYTE0ZTBiMDQ3NTQ2YWEifQ.a06RCb_kzQ5LJpSd8GjyuPqvdaMaXSmUOU1aCdPjvEw","token_type":"bearer"} 
2025-09-26 16:39:44.9269||TRACE|getTokenBacSy|https://api.donthuocquocgia.vn/api/auth/dang-nhap-bac-si 
2025-09-26 16:40:24.0720||TRACE|getTokenBacSy|----------------------------------------- 
2025-09-26 16:40:24.1904||TRACE|getTokenBacSy|url  : https://api.donthuocquocgia.vn/api/auth/dang-nhap-bac-si 
2025-09-26 16:40:28.9635||TRACE|getTokenBacSy|https://api.donthuocquocgia.vn/api/auth/dang-nhap-bac-si 
2025-09-26 16:40:29.5534||TRACE|getTokenBacSy|{"token":"eyJ0eXAiOiJKV1QiLCJhbGciOiJIUzI1NiJ9.eyJpc3MiOiJodHRwOi8vYXBpLmRvbnRodW9jcXVvY2dpYS52bi9hcGkvYXV0aC9kYW5nLW5oYXAtYmFjLXNpIiwiaWF0IjoxNzU4ODc5NzAxLCJleHAiOjE3NTk0ODQ1MDEsIm5iZiI6MTc1ODg3OTcwMSwianRpIjoiSGJ5QWtyZjZsMkRVZW5UZSIsInN1YiI6IjY1ZGVlYTBlMTcwY2M0NGJhYzNhNjQ5MSIsInBydiI6Ijg3ZTBhZjFlZjlmZDE1ODEyZmRlYzk3MTUzYTE0ZTBiMDQ3NTQ2YWEifQ.nUQQwsCqjFimsNd24fQ8Fxv8Og_SfNrBCTvSvc4kZBc","token_type":"bearer"} 
2025-09-26 16:40:31.7170||DEBUG|getTokenBacSy|Dữ liệu trả về : {"token":"eyJ0eXAiOiJKV1QiLCJhbGciOiJIUzI1NiJ9.eyJpc3MiOiJodHRwOi8vYXBpLmRvbnRodW9jcXVvY2dpYS52bi9hcGkvYXV0aC9kYW5nLW5oYXAtYmFjLXNpIiwiaWF0IjoxNzU4ODc5NzAxLCJleHAiOjE3NTk0ODQ1MDEsIm5iZiI6MTc1ODg3OTcwMSwianRpIjoiSGJ5QWtyZjZsMkRVZW5UZSIsInN1YiI6IjY1ZGVlYTBlMTcwY2M0NGJhYzNhNjQ5MSIsInBydiI6Ijg3ZTBhZjFlZjlmZDE1ODEyZmRlYzk3MTUzYTE0ZTBiMDQ3NTQ2YWEifQ.nUQQwsCqjFimsNd24fQ8Fxv8Og_SfNrBCTvSvc4kZBc","token_type":"bearer"} 
2025-09-26 16:59:39.5567||TRACE|getTokenBacSy|----------------------------------------- 
2025-09-26 16:59:39.6783||TRACE|getTokenBacSy|url  : https://api.donthuocquocgia.vn/api/auth/dang-nhap-bac-si 
2025-09-26 16:59:42.6279||TRACE|getTokenBacSy|https://api.donthuocquocgia.vn/api/auth/dang-nhap-bac-si 
2025-09-26 16:59:43.2387||TRACE|getTokenBacSy|{"token":"eyJ0eXAiOiJKV1QiLCJhbGciOiJIUzI1NiJ9.eyJpc3MiOiJodHRwOi8vYXBpLmRvbnRodW9jcXVvY2dpYS52bi9hcGkvYXV0aC9kYW5nLW5oYXAtYmFjLXNpIiwiaWF0IjoxNzU4ODgwODU0LCJleHAiOjE3NTk0ODU2NTUsIm5iZiI6MTc1ODg4MDg1NSwianRpIjoiV0p6TmVnZ3luR1BCSjlPTyIsInN1YiI6IjY1ZGVlYTBlMTcwY2M0NGJhYzNhNjQ5MSIsInBydiI6Ijg3ZTBhZjFlZjlmZDE1ODEyZmRlYzk3MTUzYTE0ZTBiMDQ3NTQ2YWEifQ.bbLEOaB9ocXYmtfHGjq3BkwGtvSX0kH5DmeDCyvF1oM","token_type":"bearer"} 
2025-09-26 16:59:43.3343||DEBUG|getTokenBacSy|Dữ liệu trả về : {"token":"eyJ0eXAiOiJKV1QiLCJhbGciOiJIUzI1NiJ9.eyJpc3MiOiJodHRwOi8vYXBpLmRvbnRodW9jcXVvY2dpYS52bi9hcGkvYXV0aC9kYW5nLW5oYXAtYmFjLXNpIiwiaWF0IjoxNzU4ODgwODU0LCJleHAiOjE3NTk0ODU2NTUsIm5iZiI6MTc1ODg4MDg1NSwianRpIjoiV0p6TmVnZ3luR1BCSjlPTyIsInN1YiI6IjY1ZGVlYTBlMTcwY2M0NGJhYzNhNjQ5MSIsInBydiI6Ijg3ZTBhZjFlZjlmZDE1ODEyZmRlYzk3MTUzYTE0ZTBiMDQ3NTQ2YWEifQ.bbLEOaB9ocXYmtfHGjq3BkwGtvSX0kH5DmeDCyvF1oM","token_type":"bearer"} 
2025-09-26 17:02:04.7452||TRACE|getTokenBacSy|----------------------------------------- 
2025-09-26 17:02:04.8377||TRACE|getTokenBacSy|url  : https://api.donthuocquocgia.vn/api/auth/dang-nhap-bac-si 
2025-09-26 17:02:06.9530||TRACE|getTokenBacSy|https://api.donthuocquocgia.vn/api/auth/dang-nhap-bac-si 
2025-09-26 17:02:07.5412||TRACE|getTokenBacSy|{"token":"eyJ0eXAiOiJKV1QiLCJhbGciOiJIUzI1NiJ9.eyJpc3MiOiJodHRwOi8vYXBpLmRvbnRodW9jcXVvY2dpYS52bi9hcGkvYXV0aC9kYW5nLW5oYXAtYmFjLXNpIiwiaWF0IjoxNzU4ODgwOTk5LCJleHAiOjE3NTk0ODU3OTksIm5iZiI6MTc1ODg4MDk5OSwianRpIjoiMUxoeE5heWVCNjhjNm13SiIsInN1YiI6IjY1ZGVlYTBlMTcwY2M0NGJhYzNhNjQ5MSIsInBydiI6Ijg3ZTBhZjFlZjlmZDE1ODEyZmRlYzk3MTUzYTE0ZTBiMDQ3NTQ2YWEifQ.jjNalT8ssnS_29dR6xXtqjcd9reW7T32R8q3icpo60I","token_type":"bearer"} 
2025-09-26 17:02:07.6217||DEBUG|getTokenBacSy|Dữ liệu trả về : {"token":"eyJ0eXAiOiJKV1QiLCJhbGciOiJIUzI1NiJ9.eyJpc3MiOiJodHRwOi8vYXBpLmRvbnRodW9jcXVvY2dpYS52bi9hcGkvYXV0aC9kYW5nLW5oYXAtYmFjLXNpIiwiaWF0IjoxNzU4ODgwOTk5LCJleHAiOjE3NTk0ODU3OTksIm5iZiI6MTc1ODg4MDk5OSwianRpIjoiMUxoeE5heWVCNjhjNm13SiIsInN1YiI6IjY1ZGVlYTBlMTcwY2M0NGJhYzNhNjQ5MSIsInBydiI6Ijg3ZTBhZjFlZjlmZDE1ODEyZmRlYzk3MTUzYTE0ZTBiMDQ3NTQ2YWEifQ.jjNalT8ssnS_29dR6xXtqjcd9reW7T32R8q3icpo60I","token_type":"bearer"} 
2025-09-26 17:02:26.2753||TRACE|getTokenBacSy|----------------------------------------- 
2025-09-26 17:02:26.3836||TRACE|getTokenBacSy|url  : https://api.donthuocquocgia.vn/api/auth/dang-nhap-bac-si 
2025-09-26 17:02:26.4800||TRACE|getTokenBacSy|https://api.donthuocquocgia.vn/api/auth/dang-nhap-bac-si 
2025-09-26 17:02:27.0113||TRACE|getTokenBacSy|{"token":"eyJ0eXAiOiJKV1QiLCJhbGciOiJIUzI1NiJ9.eyJpc3MiOiJodHRwOi8vYXBpLmRvbnRodW9jcXVvY2dpYS52bi9hcGkvYXV0aC9kYW5nLW5oYXAtYmFjLXNpIiwiaWF0IjoxNzU4ODgxMDE4LCJleHAiOjE3NTk0ODU4MTgsIm5iZiI6MTc1ODg4MTAxOCwianRpIjoiT092SjMzVThKOXdzRU11USIsInN1YiI6IjY1ZGVlYTBlMTcwY2M0NGJhYzNhNjQ5MSIsInBydiI6Ijg3ZTBhZjFlZjlmZDE1ODEyZmRlYzk3MTUzYTE0ZTBiMDQ3NTQ2YWEifQ.4TNumIstQa4SaLd0IjJ9mASOxASpgadEZkKSQSFabPk","token_type":"bearer"} 
2025-09-26 17:02:27.1073||DEBUG|getTokenBacSy|Dữ liệu trả về : {"token":"eyJ0eXAiOiJKV1QiLCJhbGciOiJIUzI1NiJ9.eyJpc3MiOiJodHRwOi8vYXBpLmRvbnRodW9jcXVvY2dpYS52bi9hcGkvYXV0aC9kYW5nLW5oYXAtYmFjLXNpIiwiaWF0IjoxNzU4ODgxMDE4LCJleHAiOjE3NTk0ODU4MTgsIm5iZiI6MTc1ODg4MTAxOCwianRpIjoiT092SjMzVThKOXdzRU11USIsInN1YiI6IjY1ZGVlYTBlMTcwY2M0NGJhYzNhNjQ5MSIsInBydiI6Ijg3ZTBhZjFlZjlmZDE1ODEyZmRlYzk3MTUzYTE0ZTBiMDQ3NTQ2YWEifQ.4TNumIstQa4SaLd0IjJ9mASOxASpgadEZkKSQSFabPk","token_type":"bearer"} 
2025-09-26 17:03:15.0190||TRACE|getTokenBacSy|----------------------------------------- 
2025-09-26 17:03:15.0930||TRACE|getTokenBacSy|url  : https://api.donthuocquocgia.vn/api/auth/dang-nhap-bac-si 
2025-09-26 17:03:23.5047||TRACE|getTokenBacSy|https://api.donthuocquocgia.vn/api/auth/dang-nhap-bac-si 
2025-09-26 17:03:24.0682||TRACE|getTokenBacSy|{"token":"eyJ0eXAiOiJKV1QiLCJhbGciOiJIUzI1NiJ9.eyJpc3MiOiJodHRwOi8vYXBpLmRvbnRodW9jcXVvY2dpYS52bi9hcGkvYXV0aC9kYW5nLW5oYXAtYmFjLXNpIiwiaWF0IjoxNzU4ODgxMDc1LCJleHAiOjE3NTk0ODU4NzUsIm5iZiI6MTc1ODg4MTA3NSwianRpIjoiaDJPM0pnWWpRd08yVWpPaCIsInN1YiI6IjY1ZGVlYTBlMTcwY2M0NGJhYzNhNjQ5MSIsInBydiI6Ijg3ZTBhZjFlZjlmZDE1ODEyZmRlYzk3MTUzYTE0ZTBiMDQ3NTQ2YWEifQ.ID4imsQHew7bvmITZ0nMiisM5r89RSFRyLqpOxO5Lz8","token_type":"bearer"} 
2025-09-26 17:03:24.1504||DEBUG|getTokenBacSy|Dữ liệu trả về : {"token":"eyJ0eXAiOiJKV1QiLCJhbGciOiJIUzI1NiJ9.eyJpc3MiOiJodHRwOi8vYXBpLmRvbnRodW9jcXVvY2dpYS52bi9hcGkvYXV0aC9kYW5nLW5oYXAtYmFjLXNpIiwiaWF0IjoxNzU4ODgxMDc1LCJleHAiOjE3NTk0ODU4NzUsIm5iZiI6MTc1ODg4MTA3NSwianRpIjoiaDJPM0pnWWpRd08yVWpPaCIsInN1YiI6IjY1ZGVlYTBlMTcwY2M0NGJhYzNhNjQ5MSIsInBydiI6Ijg3ZTBhZjFlZjlmZDE1ODEyZmRlYzk3MTUzYTE0ZTBiMDQ3NTQ2YWEifQ.ID4imsQHew7bvmITZ0nMiisM5r89RSFRyLqpOxO5Lz8","token_type":"bearer"} 
