2025-09-26 16:39:45.0080||TRACE|guiDonThuoc|_________Begin________ 
2025-09-26 16:39:45.1141||TRACE|guiDonThuoc|guiDonThuocID: 0 
2025-09-26 16:39:45.2388||TRACE|guiDonThuoc|url=https://api.donthuocquocgia.vn/api/v1/gui-don-thuoc 
2025-09-26 16:39:45.3558||TRACE|guiDonThuoc|Request data ={"loai_don_thuoc":"c","ma_don_thuoc":"797572500174-c","ho_ten_benh_nhan":"test phẫu thuật thủ thuật","ma_dinh_danh_y_te":"","ma_dinh_danh_cong_dan":"","ngay_sinh_benh_nhan":"26/09/2021","can_nang":0.0,"gioi_tinh":3,"ma_so_the_bao_hiem_y_te":"","thong_tin_nguoi_giam_ho":"","dia_chi":"Phường Ba Đình, Thành phố Hà Nội","chan_doan":[{"ma_chan_doan":"E15","ten_chan_doan":"Hôn mê hạ đường huyết không do đái tháo đường","ket_luan":""}],"luu_y":"","hinh_thuc_dieu_tri":1,"dot_dung_thuoc":[{"dot":"1","tu_ngay":"26/09/2025","den_ngay":"27/09/2025"}],"thong_tin_don_thuoc":[{"ma_thuoc":"DT06661","biet_duoc":"Calci glycerophosphat + magnesi gluconat","ten_thuoc":"Calvin Plus","don_vi_tinh":"Viên","so_luong":2.00,"cach_dung":""},{"ma_thuoc":"DT02016","biet_duoc":"Calci carbonat + vitamin D3","ten_thuoc":"Abricotis","don_vi_tinh":"Viên","so_luong":1.00,"cach_dung":""}],"loi_dan":"","so_dien_thoai_nguoi_kham_benh":"0987555123","ngay_tai_kham":"1","ngay_gio_ke_don":"2025-09-26 16:29:14","signature":""} 
2025-09-26 16:39:47.1961||TRACE|guiDonThuoc|{"token":"eyJ0eXAiOiJKV1QiLCJhbGciOiJIUzI1NiJ9.eyJpc3MiOiJodHRwOi8vYXBpLmRvbnRodW9jcXVvY2dpYS52bi9hcGkvYXV0aC9kYW5nLW5oYXAtYmFjLXNpIiwiaWF0IjoxNzU4ODc5NjU3LCJleHAiOjE3NTk0ODQ0NTcsIm5iZiI6MTc1ODg3OTY1NywianRpIjoibFhIS0dnUkdFSHgxcE9XVyIsInN1YiI6IjY1ZGVlYTBlMTcwY2M0NGJhYzNhNjQ5MSIsInBydiI6Ijg3ZTBhZjFlZjlmZDE1ODEyZmRlYzk3MTUzYTE0ZTBiMDQ3NTQ2YWEifQ.sPmC6O0Pg9a2ToCZ_fqM4iM9umSwWh-R8PROoHMMdW0","token_type":"bearer"} 
2025-09-26 16:39:47.2174||TRACE|guiDonThuoc|https://api.donthuocquocgia.vn/api/v1/gui-don-thuoc 
2025-09-26 16:39:48.5173||DEBUG|guiDonThuoc|Dữ liệu trả về : {"token":"eyJ0eXAiOiJKV1QiLCJhbGciOiJIUzI1NiJ9.eyJpc3MiOiJodHRwOi8vYXBpLmRvbnRodW9jcXVvY2dpYS52bi9hcGkvYXV0aC9kYW5nLW5oYXAtYmFjLXNpIiwiaWF0IjoxNzU4ODc5NjU3LCJleHAiOjE3NTk0ODQ0NTcsIm5iZiI6MTc1ODg3OTY1NywianRpIjoibFhIS0dnUkdFSHgxcE9XVyIsInN1YiI6IjY1ZGVlYTBlMTcwY2M0NGJhYzNhNjQ5MSIsInBydiI6Ijg3ZTBhZjFlZjlmZDE1ODEyZmRlYzk3MTUzYTE0ZTBiMDQ3NTQ2YWEifQ.sPmC6O0Pg9a2ToCZ_fqM4iM9umSwWh-R8PROoHMMdW0","token_type":"bearer"} 
2025-09-26 16:39:51.4095||TRACE|guiDonThuoc|WebRequest The remote server returned an error: (422) Unprocessable Entity. 
2025-09-26 16:39:52.8705||TRACE|guiDonThuoc|Response data=The remote server returned an error: (422) Unprocessable Entity. 
2025-09-26 16:40:00.4241||TRACE|guiDonThuoc|_________Begin________ 
2025-09-26 16:40:03.8340||ERROR|guiDonThuoc|Unexpected character encountered while parsing value: T. Path '', line 0, position 0. 
2025-09-26 16:40:03.8906||TRACE|guiDonThuoc|guiDonThuocID: 0 
2025-09-26 16:40:04.0076||TRACE|guiDonThuoc|_________End________ 
2025-09-26 16:40:04.0838||TRACE|guiDonThuoc|url=https://api.donthuocquocgia.vn/api/v1/gui-don-thuoc 
2025-09-26 16:40:04.2565||TRACE|guiDonThuoc|Request data ={"loai_don_thuoc":"c","ma_don_thuoc":"797572500174-c","ho_ten_benh_nhan":"test phẫu thuật thủ thuật","ma_dinh_danh_y_te":"","ma_dinh_danh_cong_dan":"","ngay_sinh_benh_nhan":"26/09/2021","can_nang":0.0,"gioi_tinh":3,"ma_so_the_bao_hiem_y_te":"","thong_tin_nguoi_giam_ho":"","dia_chi":"Phường Ba Đình, Thành phố Hà Nội","chan_doan":[{"ma_chan_doan":"E15","ten_chan_doan":"Hôn mê hạ đường huyết không do đái tháo đường","ket_luan":""}],"luu_y":"","hinh_thuc_dieu_tri":1,"dot_dung_thuoc":[{"dot":"1","tu_ngay":"26/09/2025","den_ngay":"27/09/2025"}],"thong_tin_don_thuoc":[{"ma_thuoc":"DT06661","biet_duoc":"Calci glycerophosphat + magnesi gluconat","ten_thuoc":"Calvin Plus","don_vi_tinh":"Viên","so_luong":2.00,"cach_dung":""},{"ma_thuoc":"DT02016","biet_duoc":"Calci carbonat + vitamin D3","ten_thuoc":"Abricotis","don_vi_tinh":"Viên","so_luong":1.00,"cach_dung":""}],"loi_dan":"","so_dien_thoai_nguoi_kham_benh":"0987555123","ngay_tai_kham":"1","ngay_gio_ke_don":"2025-09-26 16:29:14","signature":""} 
2025-09-26 16:40:04.3296||TRACE|guiDonThuoc|https://api.donthuocquocgia.vn/api/v1/gui-don-thuoc 
2025-09-26 16:40:04.7863||TRACE|guiDonThuoc|WebRequest The remote server returned an error: (422) Unprocessable Entity. 
2025-09-26 16:40:04.8702||TRACE|guiDonThuoc|Response data=The remote server returned an error: (422) Unprocessable Entity. 
2025-09-26 16:40:05.0141||ERROR|guiDonThuoc|Unexpected character encountered while parsing value: T. Path '', line 0, position 0. 
2025-09-26 16:40:05.0912||TRACE|guiDonThuoc|_________End________ 
2025-09-26 16:40:38.7864||TRACE|guiDonThuoc|_________Begin________ 
2025-09-26 16:40:40.7283||TRACE|guiDonThuoc|guiDonThuocID: 0 
2025-09-26 16:40:43.1909||TRACE|guiDonThuoc|url=https://api.donthuocquocgia.vn/api/v1/gui-don-thuoc 
2025-09-26 16:40:44.7353||TRACE|guiDonThuoc|Request data ={"loai_don_thuoc":"c","ma_don_thuoc":"797572500174-c","ho_ten_benh_nhan":"test phẫu thuật thủ thuật","ma_dinh_danh_y_te":"","ma_dinh_danh_cong_dan":"","ngay_sinh_benh_nhan":"26/09/2021","can_nang":0.0,"gioi_tinh":3,"ma_so_the_bao_hiem_y_te":"","thong_tin_nguoi_giam_ho":"","dia_chi":"Phường Ba Đình, Thành phố Hà Nội","chan_doan":[{"ma_chan_doan":"E15","ten_chan_doan":"Hôn mê hạ đường huyết không do đái tháo đường","ket_luan":""}],"luu_y":"","hinh_thuc_dieu_tri":1,"dot_dung_thuoc":[{"dot":"1","tu_ngay":"26/09/2025","den_ngay":"27/09/2025"}],"thong_tin_don_thuoc":[{"ma_thuoc":"DT06661","biet_duoc":"Calci glycerophosphat + magnesi gluconat","ten_thuoc":"Calvin Plus","don_vi_tinh":"Viên","so_luong":2.00,"cach_dung":""},{"ma_thuoc":"DT02016","biet_duoc":"Calci carbonat + vitamin D3","ten_thuoc":"Abricotis","don_vi_tinh":"Viên","so_luong":1.00,"cach_dung":""}],"loi_dan":"","so_dien_thoai_nguoi_kham_benh":"0987555123","ngay_tai_kham":"1","ngay_gio_ke_don":"2025-09-26 16:29:14","signature":""} 
2025-09-26 16:41:07.7118||TRACE|guiDonThuoc|https://api.donthuocquocgia.vn/api/v1/gui-don-thuoc 
2025-09-26 16:41:08.2192||TRACE|guiDonThuoc|WebRequest The remote server returned an error: (422) Unprocessable Entity. 
2025-09-26 16:44:17.6600||TRACE|guiDonThuoc|Response data=The remote server returned an error: (422) Unprocessable Entity. 
2025-09-26 16:44:17.9716||ERROR|guiDonThuoc|Unexpected character encountered while parsing value: T. Path '', line 0, position 0. 
2025-09-26 16:44:18.0782||TRACE|guiDonThuoc|_________End________ 
2025-09-26 16:59:43.4289||TRACE|guiDonThuoc|_________Begin________ 
2025-09-26 16:59:43.5271||TRACE|guiDonThuoc|guiDonThuocID: 0 
2025-09-26 16:59:44.7136||TRACE|guiDonThuoc|url=https://api.donthuocquocgia.vn/api/v1/gui-don-thuoc 
2025-09-26 16:59:45.0156||TRACE|guiDonThuoc|Request data ={"loai_don_thuoc":"c","ma_don_thuoc":"797572500174-c","ho_ten_benh_nhan":"test phẫu thuật thủ thuật","ma_dinh_danh_y_te":"","ma_dinh_danh_cong_dan":"","ngay_sinh_benh_nhan":"26/09/2012","can_nang":0.0,"gioi_tinh":3,"ma_so_the_bao_hiem_y_te":"","thong_tin_nguoi_giam_ho":"","dia_chi":"Phường Ba Đình, Thành phố Hà Nội","chan_doan":[{"ma_chan_doan":"E15","ten_chan_doan":"Hôn mê hạ đường huyết không do đái tháo đường","ket_luan":"Kết luận lời dặn"}],"luu_y":"","hinh_thuc_dieu_tri":1,"dot_dung_thuoc":[{"dot":"1","tu_ngay":"26/09/2025","den_ngay":"27/09/2025"}],"thong_tin_don_thuoc":[{"ma_thuoc":"DT06661","biet_duoc":"Calci glycerophosphat + magnesi gluconat","ten_thuoc":"Calvin Plus","don_vi_tinh":"Viên","so_luong":2.00,"cach_dung":""},{"ma_thuoc":"DT02016","biet_duoc":"Calci carbonat + vitamin D3","ten_thuoc":"Abricotis","don_vi_tinh":"Viên","so_luong":1.00,"cach_dung":""}],"loi_dan":"","so_dien_thoai_nguoi_kham_benh":"0987555123","ngay_tai_kham":"1","ngay_gio_ke_don":"2025-09-26 16:29:14","signature":""} 
2025-09-26 16:59:45.3693||TRACE|guiDonThuoc|https://api.donthuocquocgia.vn/api/v1/gui-don-thuoc 
2025-09-26 16:59:46.0631||TRACE|guiDonThuoc|WebRequest The remote server returned an error: (422) Unprocessable Entity. 
2025-09-26 17:01:58.9124||TRACE|guiDonThuoc|Response data=The remote server returned an error: (422) Unprocessable Entity. 
2025-09-26 17:01:59.1198||ERROR|guiDonThuoc|Unexpected character encountered while parsing value: T. Path '', line 0, position 0. 
2025-09-26 17:01:59.2168||TRACE|guiDonThuoc|_________End________ 
2025-09-26 17:02:07.6977||TRACE|guiDonThuoc|_________Begin________ 
2025-09-26 17:02:07.7756||TRACE|guiDonThuoc|guiDonThuocID: 0 
2025-09-26 17:02:07.8574||TRACE|guiDonThuoc|url=https://api.donthuocquocgia.vn/api/v1/gui-don-thuoc 
2025-09-26 17:02:07.9459||TRACE|guiDonThuoc|Request data ={"loai_don_thuoc":"c","ma_don_thuoc":"797572500174-c","ho_ten_benh_nhan":"test phẫu thuật thủ thuật","ma_dinh_danh_y_te":"","ma_dinh_danh_cong_dan":"","ngay_sinh_benh_nhan":"26/09/2012","can_nang":0.0,"gioi_tinh":3,"ma_so_the_bao_hiem_y_te":"","thong_tin_nguoi_giam_ho":"","dia_chi":"Phường Ba Đình, Thành phố Hà Nội","chan_doan":[{"ma_chan_doan":"E15","ten_chan_doan":"Hôn mê hạ đường huyết không do đái tháo đường","ket_luan":"Kết luận lời dặn"}],"luu_y":"","hinh_thuc_dieu_tri":1,"dot_dung_thuoc":[{"dot":"1","tu_ngay":"26/09/2025","den_ngay":"27/09/2025"}],"thong_tin_don_thuoc":[{"ma_thuoc":"DT06661","biet_duoc":"Calci glycerophosphat + magnesi gluconat","ten_thuoc":"Calvin Plus","don_vi_tinh":"Viên","so_luong":2.00,"cach_dung":""},{"ma_thuoc":"DT02016","biet_duoc":"Calci carbonat + vitamin D3","ten_thuoc":"Abricotis","don_vi_tinh":"Viên","so_luong":1.00,"cach_dung":""}],"loi_dan":"","so_dien_thoai_nguoi_kham_benh":"0987555123","ngay_tai_kham":"1","ngay_gio_ke_don":"2025-09-26 16:29:14","signature":""} 
2025-09-26 17:02:08.0386||TRACE|guiDonThuoc|https://api.donthuocquocgia.vn/api/v1/gui-don-thuoc 
2025-09-26 17:02:08.5331||TRACE|guiDonThuoc|WebRequest The remote server returned an error: (422) Unprocessable Entity. 
2025-09-26 17:02:08.6059||TRACE|guiDonThuoc|Response data=The remote server returned an error: (422) Unprocessable Entity. 
2025-09-26 17:02:08.7293||ERROR|guiDonThuoc|Unexpected character encountered while parsing value: T. Path '', line 0, position 0. 
2025-09-26 17:02:08.8084||TRACE|guiDonThuoc|_________End________ 
2025-09-26 17:02:27.2035||TRACE|guiDonThuoc|_________Begin________ 
2025-09-26 17:02:27.2977||TRACE|guiDonThuoc|guiDonThuocID: 0 
2025-09-26 17:02:27.3887||TRACE|guiDonThuoc|url=https://api.donthuocquocgia.vn/api/v1/gui-don-thuoc 
2025-09-26 17:02:27.4866||TRACE|guiDonThuoc|Request data ={"loai_don_thuoc":"c","ma_don_thuoc":"797572500174-c","ho_ten_benh_nhan":"test phẫu thuật thủ thuật","ma_dinh_danh_y_te":"","ma_dinh_danh_cong_dan":"","ngay_sinh_benh_nhan":"26/09/2012","can_nang":0.0,"gioi_tinh":3,"ma_so_the_bao_hiem_y_te":"","thong_tin_nguoi_giam_ho":"","dia_chi":"Phường Ba Đình, Thành phố Hà Nội","chan_doan":[{"ma_chan_doan":"E15","ten_chan_doan":"Hôn mê hạ đường huyết không do đái tháo đường","ket_luan":"Kết luận lời dặn"}],"luu_y":"","hinh_thuc_dieu_tri":1,"dot_dung_thuoc":[{"dot":"1","tu_ngay":"26/09/2025","den_ngay":"27/09/2025"}],"thong_tin_don_thuoc":[{"ma_thuoc":"DT06661","biet_duoc":"Calci glycerophosphat + magnesi gluconat","ten_thuoc":"Calvin Plus","don_vi_tinh":"Viên","so_luong":2.00,"cach_dung":""},{"ma_thuoc":"DT02016","biet_duoc":"Calci carbonat + vitamin D3","ten_thuoc":"Abricotis","don_vi_tinh":"Viên","so_luong":1.00,"cach_dung":""}],"loi_dan":"","so_dien_thoai_nguoi_kham_benh":"0987555123","ngay_tai_kham":"1","ngay_gio_ke_don":"2025-09-26 16:29:14","signature":""} 
2025-09-26 17:02:35.7571||TRACE|guiDonThuoc|https://api.donthuocquocgia.vn/api/v1/gui-don-thuoc 
2025-09-26 17:02:51.5310||TRACE|guiDonThuoc|WebRequest The remote server returned an error: (422) Unprocessable Entity. 
2025-09-26 17:02:51.6441||TRACE|guiDonThuoc|Response data=The remote server returned an error: (422) Unprocessable Entity. 
2025-09-26 17:02:51.8088||ERROR|guiDonThuoc|Unexpected character encountered while parsing value: T. Path '', line 0, position 0. 
2025-09-26 17:02:51.9064||TRACE|guiDonThuoc|_________End________ 
2025-09-26 17:03:24.2361||TRACE|guiDonThuoc|_________Begin________ 
2025-09-26 17:03:24.3095||TRACE|guiDonThuoc|guiDonThuocID: 0 
2025-09-26 17:03:24.3955||TRACE|guiDonThuoc|url=https://api.donthuocquocgia.vn/api/v1/gui-don-thuoc 
2025-09-26 17:03:24.4695||TRACE|guiDonThuoc|Request data ={"loai_don_thuoc":"c","ma_don_thuoc":"797572500174-c","ho_ten_benh_nhan":"test phẫu thuật thủ thuật","ma_dinh_danh_y_te":"","ma_dinh_danh_cong_dan":"","ngay_sinh_benh_nhan":"26/09/2012","can_nang":0.0,"gioi_tinh":3,"ma_so_the_bao_hiem_y_te":"","thong_tin_nguoi_giam_ho":"","dia_chi":"Phường Ba Đình, Thành phố Hà Nội","chan_doan":[{"ma_chan_doan":"E15","ten_chan_doan":"Hôn mê hạ đường huyết không do đái tháo đường","ket_luan":"Kết luận lời dặn"}],"luu_y":"","hinh_thuc_dieu_tri":1,"dot_dung_thuoc":[{"dot":"1","tu_ngay":"26/09/2025","den_ngay":"27/09/2025"}],"thong_tin_don_thuoc":[{"ma_thuoc":"DT06661","biet_duoc":"Calci glycerophosphat + magnesi gluconat","ten_thuoc":"Calvin Plus","don_vi_tinh":"Viên","so_luong":2.00,"cach_dung":"B"},{"ma_thuoc":"DT02016","biet_duoc":"Calci carbonat + vitamin D3","ten_thuoc":"Abricotis","don_vi_tinh":"Viên","so_luong":1.00,"cach_dung":"A"}],"loi_dan":"","so_dien_thoai_nguoi_kham_benh":"0987555123","ngay_tai_kham":"1","ngay_gio_ke_don":"2025-09-26 16:29:14","signature":""} 
2025-09-26 17:03:26.2839||TRACE|guiDonThuoc|https://api.donthuocquocgia.vn/api/v1/gui-don-thuoc 
2025-09-26 17:03:26.6960||TRACE|guiDonThuoc|WebRequest The remote server returned an error: (422) Unprocessable Entity. 
