2025-09-25 21:55:36.5933||TRACE|getTokenBacSy|----------------------------------------- 
2025-09-25 21:55:36.6925||TRACE|getTokenBacSy|url  : https://api.donthuocquocgia.vn/api/auth/dang-nhap-bac-si 
2025-09-25 21:55:36.8709||TRACE|getTokenBacSy|https://api.donthuocquocgia.vn/api/auth/dang-nhap-bac-si 
2025-09-25 21:55:38.9631||TRACE|getTokenBacSy|{"token":"eyJ0eXAiOiJKV1QiLCJhbGciOiJIUzI1NiJ9.eyJpc3MiOiJodHRwOi8vYXBpLmRvbnRodW9jcXVvY2dpYS52bi9hcGkvYXV0aC9kYW5nLW5oYXAtYmFjLXNpIiwiaWF0IjoxNzU4ODEyMjExLCJleHAiOjE3NTk0MTcwMTEsIm5iZiI6MTc1ODgxMjIxMSwianRpIjoiMWtGcTNBRWJiYnBNcnJIRiIsInN1YiI6IjYzZWYzMDM5ODJjMDIyNzcwMjBmYWM4YyIsInBydiI6Ijg3ZTBhZjFlZjlmZDE1ODEyZmRlYzk3MTUzYTE0ZTBiMDQ3NTQ2YWEifQ.Nch2yGEzfsk16UtW2sN_d5Ja8MbCB7agbSbPw3w-Kf8","token_type":"bearer"} 
2025-09-25 21:55:39.0502||DEBUG|getTokenBacSy|Dữ liệu trả về : {"token":"eyJ0eXAiOiJKV1QiLCJhbGciOiJIUzI1NiJ9.eyJpc3MiOiJodHRwOi8vYXBpLmRvbnRodW9jcXVvY2dpYS52bi9hcGkvYXV0aC9kYW5nLW5oYXAtYmFjLXNpIiwiaWF0IjoxNzU4ODEyMjExLCJleHAiOjE3NTk0MTcwMTEsIm5iZiI6MTc1ODgxMjIxMSwianRpIjoiMWtGcTNBRWJiYnBNcnJIRiIsInN1YiI6IjYzZWYzMDM5ODJjMDIyNzcwMjBmYWM4YyIsInBydiI6Ijg3ZTBhZjFlZjlmZDE1ODEyZmRlYzk3MTUzYTE0ZTBiMDQ3NTQ2YWEifQ.Nch2yGEzfsk16UtW2sN_d5Ja8MbCB7agbSbPw3w-Kf8","token_type":"bearer"} 
2025-09-25 21:55:53.9869||TRACE|getTokenBacSy|----------------------------------------- 
2025-09-25 21:55:55.5782||TRACE|getTokenBacSy|url  : https://api.donthuocquocgia.vn/api/auth/dang-nhap-bac-si 
2025-09-25 21:56:02.5215||TRACE|getTokenBacSy|https://api.donthuocquocgia.vn/api/auth/dang-nhap-bac-si 
2025-09-25 21:56:03.5065||TRACE|getTokenBacSy|{"token":"eyJ0eXAiOiJKV1QiLCJhbGciOiJIUzI1NiJ9.eyJpc3MiOiJodHRwOi8vYXBpLmRvbnRodW9jcXVvY2dpYS52bi9hcGkvYXV0aC9kYW5nLW5oYXAtYmFjLXNpIiwiaWF0IjoxNzU4ODEyMjM1LCJleHAiOjE3NTk0MTcwMzUsIm5iZiI6MTc1ODgxMjIzNSwianRpIjoiaWdRZEY0QTZrSzlCQWtFQyIsInN1YiI6IjYzZWYzMDM5ODJjMDIyNzcwMjBmYWM4YyIsInBydiI6Ijg3ZTBhZjFlZjlmZDE1ODEyZmRlYzk3MTUzYTE0ZTBiMDQ3NTQ2YWEifQ.g_x1-Cm9kvyPbQbMDgEgFMCNf1d6yxcKjd_6fnP-Kvc","token_type":"bearer"} 
2025-09-25 21:56:11.8808||DEBUG|getTokenBacSy|Dữ liệu trả về : {"token":"eyJ0eXAiOiJKV1QiLCJhbGciOiJIUzI1NiJ9.eyJpc3MiOiJodHRwOi8vYXBpLmRvbnRodW9jcXVvY2dpYS52bi9hcGkvYXV0aC9kYW5nLW5oYXAtYmFjLXNpIiwiaWF0IjoxNzU4ODEyMjM1LCJleHAiOjE3NTk0MTcwMzUsIm5iZiI6MTc1ODgxMjIzNSwianRpIjoiaWdRZEY0QTZrSzlCQWtFQyIsInN1YiI6IjYzZWYzMDM5ODJjMDIyNzcwMjBmYWM4YyIsInBydiI6Ijg3ZTBhZjFlZjlmZDE1ODEyZmRlYzk3MTUzYTE0ZTBiMDQ3NTQ2YWEifQ.g_x1-Cm9kvyPbQbMDgEgFMCNf1d6yxcKjd_6fnP-Kvc","token_type":"bearer"} 
2025-09-25 22:03:25.3769||TRACE|getTokenBacSy|----------------------------------------- 
2025-09-25 22:03:25.4878||TRACE|getTokenBacSy|url  : https://api.donthuocquocgia.vn/api/auth/dang-nhap-bac-si 
2025-09-25 22:03:25.5860||TRACE|getTokenBacSy|https://api.donthuocquocgia.vn/api/auth/dang-nhap-bac-si 
2025-09-25 22:03:26.1920||TRACE|getTokenBacSy|{"token":"eyJ0eXAiOiJKV1QiLCJhbGciOiJIUzI1NiJ9.eyJpc3MiOiJodHRwOi8vYXBpLmRvbnRodW9jcXVvY2dpYS52bi9hcGkvYXV0aC9kYW5nLW5oYXAtYmFjLXNpIiwiaWF0IjoxNzU4ODEyNjc4LCJleHAiOjE3NTk0MTc0NzgsIm5iZiI6MTc1ODgxMjY3OCwianRpIjoiM2t5dWtoalp6TVBnMVVFOCIsInN1YiI6IjYzZWYzMDM5ODJjMDIyNzcwMjBmYWM4YyIsInBydiI6Ijg3ZTBhZjFlZjlmZDE1ODEyZmRlYzk3MTUzYTE0ZTBiMDQ3NTQ2YWEifQ.Fue9kIvF5kb2EVfu9GgqpKznHB5RSmgurtpBhMJqGuA","token_type":"bearer"} 
2025-09-25 22:03:26.3127||DEBUG|getTokenBacSy|Dữ liệu trả về : {"token":"eyJ0eXAiOiJKV1QiLCJhbGciOiJIUzI1NiJ9.eyJpc3MiOiJodHRwOi8vYXBpLmRvbnRodW9jcXVvY2dpYS52bi9hcGkvYXV0aC9kYW5nLW5oYXAtYmFjLXNpIiwiaWF0IjoxNzU4ODEyNjc4LCJleHAiOjE3NTk0MTc0NzgsIm5iZiI6MTc1ODgxMjY3OCwianRpIjoiM2t5dWtoalp6TVBnMVVFOCIsInN1YiI6IjYzZWYzMDM5ODJjMDIyNzcwMjBmYWM4YyIsInBydiI6Ijg3ZTBhZjFlZjlmZDE1ODEyZmRlYzk3MTUzYTE0ZTBiMDQ3NTQ2YWEifQ.Fue9kIvF5kb2EVfu9GgqpKznHB5RSmgurtpBhMJqGuA","token_type":"bearer"} 
2025-09-25 22:12:22.2742||TRACE|getTokenBacSy|----------------------------------------- 
2025-09-25 22:12:22.3539||TRACE|getTokenBacSy|_________End________ 
2025-09-25 22:12:22.4225||TRACE|getTokenBacSy|url  : https://api.donthuocquocgia.vn/api/auth/dang-nhap-bac-si 
2025-09-25 22:12:22.5826||TRACE|getTokenBacSy|https://api.donthuocquocgia.vn/api/auth/dang-nhap-bac-si 
2025-09-25 22:12:23.1797||TRACE|getTokenBacSy|{"token":"eyJ0eXAiOiJKV1QiLCJhbGciOiJIUzI1NiJ9.eyJpc3MiOiJodHRwOi8vYXBpLmRvbnRodW9jcXVvY2dpYS52bi9hcGkvYXV0aC9kYW5nLW5oYXAtYmFjLXNpIiwiaWF0IjoxNzU4ODEzMjE1LCJleHAiOjE3NTk0MTgwMTUsIm5iZiI6MTc1ODgxMzIxNSwianRpIjoiOTFCVG1lQmhNT2tDRjk0UCIsInN1YiI6IjYzZWYzMDM5ODJjMDIyNzcwMjBmYWM4YyIsInBydiI6Ijg3ZTBhZjFlZjlmZDE1ODEyZmRlYzk3MTUzYTE0ZTBiMDQ3NTQ2YWEifQ.kCbd5V0ToVBYD7v-gmPOt9f8e-yaq-CJseWNMnltE8w","token_type":"bearer"} 
2025-09-25 22:12:23.2566||DEBUG|getTokenBacSy|Dữ liệu trả về : {"token":"eyJ0eXAiOiJKV1QiLCJhbGciOiJIUzI1NiJ9.eyJpc3MiOiJodHRwOi8vYXBpLmRvbnRodW9jcXVvY2dpYS52bi9hcGkvYXV0aC9kYW5nLW5oYXAtYmFjLXNpIiwiaWF0IjoxNzU4ODEzMjE1LCJleHAiOjE3NTk0MTgwMTUsIm5iZiI6MTc1ODgxMzIxNSwianRpIjoiOTFCVG1lQmhNT2tDRjk0UCIsInN1YiI6IjYzZWYzMDM5ODJjMDIyNzcwMjBmYWM4YyIsInBydiI6Ijg3ZTBhZjFlZjlmZDE1ODEyZmRlYzk3MTUzYTE0ZTBiMDQ3NTQ2YWEifQ.kCbd5V0ToVBYD7v-gmPOt9f8e-yaq-CJseWNMnltE8w","token_type":"bearer"} 
2025-09-25 22:17:09.4102||TRACE|getTokenBacSy|----------------------------------------- 
2025-09-25 22:17:09.4991||TRACE|getTokenBacSy|url  : https://api.donthuocquocgia.vn/api/auth/dang-nhap-bac-si 
2025-09-25 22:17:09.5709||TRACE|getTokenBacSy|https://api.donthuocquocgia.vn/api/auth/dang-nhap-bac-si 
2025-09-25 22:17:10.2852||TRACE|getTokenBacSy|{"token":"eyJ0eXAiOiJKV1QiLCJhbGciOiJIUzI1NiJ9.eyJpc3MiOiJodHRwOi8vYXBpLmRvbnRodW9jcXVvY2dpYS52bi9hcGkvYXV0aC9kYW5nLW5oYXAtYmFjLXNpIiwiaWF0IjoxNzU4ODEzNTAyLCJleHAiOjE3NTk0MTgzMDIsIm5iZiI6MTc1ODgxMzUwMiwianRpIjoiM3JBbDNvcmNISzZqNERKSCIsInN1YiI6IjYzZWYzMDM5ODJjMDIyNzcwMjBmYWM4YyIsInBydiI6Ijg3ZTBhZjFlZjlmZDE1ODEyZmRlYzk3MTUzYTE0ZTBiMDQ3NTQ2YWEifQ.1M8fnGXL7tpwfxr53nTLc7k_Vhao6z5zwa1l79ohuHI","token_type":"bearer"} 
2025-09-25 22:17:10.4086||DEBUG|getTokenBacSy|Dữ liệu trả về : {"token":"eyJ0eXAiOiJKV1QiLCJhbGciOiJIUzI1NiJ9.eyJpc3MiOiJodHRwOi8vYXBpLmRvbnRodW9jcXVvY2dpYS52bi9hcGkvYXV0aC9kYW5nLW5oYXAtYmFjLXNpIiwiaWF0IjoxNzU4ODEzNTAyLCJleHAiOjE3NTk0MTgzMDIsIm5iZiI6MTc1ODgxMzUwMiwianRpIjoiM3JBbDNvcmNISzZqNERKSCIsInN1YiI6IjYzZWYzMDM5ODJjMDIyNzcwMjBmYWM4YyIsInBydiI6Ijg3ZTBhZjFlZjlmZDE1ODEyZmRlYzk3MTUzYTE0ZTBiMDQ3NTQ2YWEifQ.1M8fnGXL7tpwfxr53nTLc7k_Vhao6z5zwa1l79ohuHI","token_type":"bearer"} 
2025-09-25 22:44:20.5970||TRACE|getTokenBacSy|----------------------------------------- 
2025-09-25 22:44:20.7029||TRACE|getTokenBacSy|url  : https://api.donthuocquocgia.vn/api/auth/dang-nhap-bac-si 
2025-09-25 22:44:20.7907||TRACE|getTokenBacSy|https://api.donthuocquocgia.vn/api/auth/dang-nhap-bac-si 
2025-09-25 22:44:21.4342||TRACE|getTokenBacSy|{"token":"eyJ0eXAiOiJKV1QiLCJhbGciOiJIUzI1NiJ9.eyJpc3MiOiJodHRwOi8vYXBpLmRvbnRodW9jcXVvY2dpYS52bi9hcGkvYXV0aC9kYW5nLW5oYXAtYmFjLXNpIiwiaWF0IjoxNzU4ODE1MTMzLCJleHAiOjE3NTk0MTk5MzMsIm5iZiI6MTc1ODgxNTEzMywianRpIjoiVHdiendJN2JvNXVBZndvTyIsInN1YiI6IjYzZWYzMDM5ODJjMDIyNzcwMjBmYWM4YyIsInBydiI6Ijg3ZTBhZjFlZjlmZDE1ODEyZmRlYzk3MTUzYTE0ZTBiMDQ3NTQ2YWEifQ.ei-UWlSw7xg-h-f3xhAcArWaHxWsgOPNfEytB4O2M34","token_type":"bearer"} 
2025-09-25 22:44:21.5801||DEBUG|getTokenBacSy|Dữ liệu trả về : {"token":"eyJ0eXAiOiJKV1QiLCJhbGciOiJIUzI1NiJ9.eyJpc3MiOiJodHRwOi8vYXBpLmRvbnRodW9jcXVvY2dpYS52bi9hcGkvYXV0aC9kYW5nLW5oYXAtYmFjLXNpIiwiaWF0IjoxNzU4ODE1MTMzLCJleHAiOjE3NTk0MTk5MzMsIm5iZiI6MTc1ODgxNTEzMywianRpIjoiVHdiendJN2JvNXVBZndvTyIsInN1YiI6IjYzZWYzMDM5ODJjMDIyNzcwMjBmYWM4YyIsInBydiI6Ijg3ZTBhZjFlZjlmZDE1ODEyZmRlYzk3MTUzYTE0ZTBiMDQ3NTQ2YWEifQ.ei-UWlSw7xg-h-f3xhAcArWaHxWsgOPNfEytB4O2M34","token_type":"bearer"} 
2025-09-25 22:57:17.9976||TRACE|getTokenBacSy|----------------------------------------- 
2025-09-25 22:57:18.1048||TRACE|getTokenBacSy|url  : https://api.donthuocquocgia.vn/api/auth/dang-nhap-bac-si 
2025-09-25 22:57:18.1896||TRACE|getTokenBacSy|https://api.donthuocquocgia.vn/api/auth/dang-nhap-bac-si 
2025-09-25 22:57:18.8848||TRACE|getTokenBacSy|{"token":"eyJ0eXAiOiJKV1QiLCJhbGciOiJIUzI1NiJ9.eyJpc3MiOiJodHRwOi8vYXBpLmRvbnRodW9jcXVvY2dpYS52bi9hcGkvYXV0aC9kYW5nLW5oYXAtYmFjLXNpIiwiaWF0IjoxNzU4ODE1OTExLCJleHAiOjE3NTk0MjA3MTEsIm5iZiI6MTc1ODgxNTkxMSwianRpIjoiRjVVSG93T3dOYUw4TDV2WCIsInN1YiI6IjYzZWYzMDM5ODJjMDIyNzcwMjBmYWM4YyIsInBydiI6Ijg3ZTBhZjFlZjlmZDE1ODEyZmRlYzk3MTUzYTE0ZTBiMDQ3NTQ2YWEifQ.FoLgHwzFG2PYhiBePS_sybKCuiiPAqnxxY1LgEMch1g","token_type":"bearer"} 
2025-09-25 22:57:19.0497||DEBUG|getTokenBacSy|Dữ liệu trả về : {"token":"eyJ0eXAiOiJKV1QiLCJhbGciOiJIUzI1NiJ9.eyJpc3MiOiJodHRwOi8vYXBpLmRvbnRodW9jcXVvY2dpYS52bi9hcGkvYXV0aC9kYW5nLW5oYXAtYmFjLXNpIiwiaWF0IjoxNzU4ODE1OTExLCJleHAiOjE3NTk0MjA3MTEsIm5iZiI6MTc1ODgxNTkxMSwianRpIjoiRjVVSG93T3dOYUw4TDV2WCIsInN1YiI6IjYzZWYzMDM5ODJjMDIyNzcwMjBmYWM4YyIsInBydiI6Ijg3ZTBhZjFlZjlmZDE1ODEyZmRlYzk3MTUzYTE0ZTBiMDQ3NTQ2YWEifQ.FoLgHwzFG2PYhiBePS_sybKCuiiPAqnxxY1LgEMch1g","token_type":"bearer"} 
