2025-09-25 21:56:17.4366||TRACE|guiDonThuoc|_________Begin________ 
2025-09-25 21:56:19.3405||TRACE|guiDonThuoc|guiDonThuocID: 0 
2025-09-25 21:56:24.9541||TRACE|guiDonThuoc|url=https://api.donthuocquocgia.vn/api/v1/gui-don-thuoc 
2025-09-25 21:56:25.4809||TRACE|guiDonThuoc|Request data ={"loai_don_thuoc":"c","ma_don_thuoc":"797572508233-c","ho_ten_benh_nhan":"PHẠM THỊ NGỌC","ma_dinh_danh_y_te":"7975725020976","ma_dinh_danh_cong_dan":"091194006171","ngay_sinh_benh_nhan":"01/01/1994","can_nang":0.0,"gioi_tinh":3,"ma_so_the_bao_hiem_y_te":"","thong_tin_nguoi_giam_ho":"","dia_chi":"Số Nhà 23/A, Tồ 7, Ấp Hòa Mỹ, Hòa Hưng, Giồng Riềng, Kiên Giang","chan_doan":[{"ma_chan_doan":"N97","ten_chan_doan":"Vô sinh nữ","ket_luan":"TÁI KHÁM NGÀY 23/10/2025 ĐỂ SIÊU ÂM TIÊM ỨC CHẾ LẠC TUYẾN MŨI 2"}],"luu_y":"TÁI KHÁM NGÀY 23/10/2025 ĐỂ SIÊU ÂM TIÊM ỨC CHẾ LẠC TUYẾN MŨI 2","hinh_thuc_dieu_tri":1,"dot_dung_thuoc":[{"dot":"1","tu_ngay":"25/09/2025","den_ngay":"26/09/2025"}],"thong_tin_don_thuoc":[{"ma_thuoc":"DP00007","biet_duoc":"Triptorelin","ten_thuoc":"DIPHERELINE","don_vi_tinh":"Ống","so_luong":1.00,"cach_dung":"Tiêm bắp mông ngày 1 lần, lần 1 ống ngày 25/09"},{"ma_thuoc":"DP00007","biet_duoc":"Triptorelin*","ten_thuoc":"DIPHERELINE","don_vi_tinh":"Ống","so_luong":1.00,"cach_dung":"Tiêm bắp mông ngày 1 lần, lần 1 ống ngày 25/09"}],"loi_dan":"TÁI KHÁM NGÀY 23/10/2025 ĐỂ SIÊU ÂM TIÊM ỨC CHẾ LẠC TUYẾN MŨI 2","so_dien_thoai_nguoi_kham_benh":"0945737673","ngay_tai_kham":"1","ngay_gio_ke_don":"2025-09-25 08:02:58","signature":""} 
2025-09-25 21:56:26.1070||TRACE|guiDonThuoc|https://api.donthuocquocgia.vn/api/v1/gui-don-thuoc 
2025-09-25 21:56:26.5761||TRACE|guiDonThuoc|WebRequest The remote server returned an error: (422) Unprocessable Entity. 
2025-09-25 21:59:25.3312||TRACE|guiDonThuoc|Response data=The remote server returned an error: (422) Unprocessable Entity. 
2025-09-25 21:59:30.4168||ERROR|guiDonThuoc|Unexpected character encountered while parsing value: T. Path '', line 0, position 0. 
2025-09-25 21:59:31.7128||TRACE|guiDonThuoc|_________End________ 
2025-09-25 22:03:28.5301||TRACE|guiDonThuoc|_________Begin________ 
2025-09-25 22:03:30.8341||TRACE|guiDonThuoc|guiDonThuocID: 0 
2025-09-25 22:03:33.3089||TRACE|guiDonThuoc|url=https://api.donthuocquocgia.vn/api/v1/gui-don-thuoc 
2025-09-25 22:03:33.6952||TRACE|guiDonThuoc|Request data ={"loai_don_thuoc":"c","ma_don_thuoc":"797572508232-c","ho_ten_benh_nhan":"PHẠM THỊ MAI LINH","ma_dinh_danh_y_te":"7975725020970","ma_dinh_danh_cong_dan":"030192013443","ngay_sinh_benh_nhan":"01/01/1992","can_nang":0.0,"gioi_tinh":3,"ma_so_the_bao_hiem_y_te":"","thong_tin_nguoi_giam_ho":"","dia_chi":"Tổ 2B, Khu Phố 1, Hội Nghĩa, Tân Uyên, Bình Dương","chan_doan":[{"ma_chan_doan":"N97","ten_chan_doan":"Vô sinh nữ","ket_luan":"TÁI KHÁM NGÀY 30/09/2025 ĐỂ SIÊU ÂM"}],"luu_y":"TÁI KHÁM NGÀY 30/09/2025 ĐỂ SIÊU ÂM","hinh_thuc_dieu_tri":1,"dot_dung_thuoc":[{"dot":"1","tu_ngay":"25/09/2025","den_ngay":"26/09/2025"}],"thong_tin_don_thuoc":[{"ma_thuoc":"NTDP0149","biet_duoc":"Dydrogesterone","ten_thuoc":"DUPHASTON 10MG (H/20 viên)","don_vi_tinh":"Viên","so_luong":10.00,"cach_dung":"Uống sau ăn ngày 2 lần, lần 1 viên (sáng - chiều) từ ngày 25/09"}],"loi_dan":"TÁI KHÁM NGÀY 30/09/2025 ĐỂ SIÊU ÂM","so_dien_thoai_nguoi_kham_benh":"0934030592","ngay_tai_kham":"1","ngay_gio_ke_don":"2025-09-25 07:58:13","signature":""} 
2025-09-25 22:03:34.2120||TRACE|guiDonThuoc|https://api.donthuocquocgia.vn/api/v1/gui-don-thuoc 
2025-09-25 22:03:34.7003||TRACE|guiDonThuoc|WebRequest The remote server returned an error: (422) Unprocessable Entity. 
2025-09-25 22:12:20.5994||TRACE|guiDonThuoc|Response data=The remote server returned an error: (422) Unprocessable Entity. 
2025-09-25 22:12:22.2388||ERROR|guiDonThuoc|Unexpected character encountered while parsing value: T. Path '', line 0, position 0. 
2025-09-25 22:12:24.2725||TRACE|guiDonThuoc|_________Begin________ 
2025-09-25 22:12:25.9179||TRACE|guiDonThuoc|guiDonThuocID: 0 
2025-09-25 22:12:30.5450||TRACE|guiDonThuoc|url=https://api.donthuocquocgia.vn/api/v1/gui-don-thuoc 
2025-09-25 22:12:31.1157||TRACE|guiDonThuoc|Request data ={"loai_don_thuoc":"c","ma_don_thuoc":"797572508232-c","ho_ten_benh_nhan":"PHẠM THỊ MAI LINH","ma_dinh_danh_y_te":"030192013443","ma_dinh_danh_cong_dan":"030192013443","ngay_sinh_benh_nhan":"25/05/1992","can_nang":0.0,"gioi_tinh":3,"ma_so_the_bao_hiem_y_te":"","thong_tin_nguoi_giam_ho":"","dia_chi":"Tổ 2B, Khu Phố 1, Hội Nghĩa, Tân Uyên, Bình Dương","chan_doan":[{"ma_chan_doan":"N97","ten_chan_doan":"Vô sinh nữ","ket_luan":"TÁI KHÁM NGÀY 30/09/2025 ĐỂ SIÊU ÂM"}],"luu_y":"TÁI KHÁM NGÀY 30/09/2025 ĐỂ SIÊU ÂM","hinh_thuc_dieu_tri":1,"dot_dung_thuoc":[{"dot":"1","tu_ngay":"25/09/2025","den_ngay":"26/09/2025"}],"thong_tin_don_thuoc":[{"ma_thuoc":"NTDP0149","biet_duoc":"Dydrogesterone","ten_thuoc":"DUPHASTON 10MG (H/20 viên)","don_vi_tinh":"Viên","so_luong":10.00,"cach_dung":"Uống sau ăn ngày 2 lần, lần 1 viên (sáng - chiều) từ ngày 25/09"}],"loi_dan":"TÁI KHÁM NGÀY 30/09/2025 ĐỂ SIÊU ÂM","so_dien_thoai_nguoi_kham_benh":"0934030592","ngay_tai_kham":"1","ngay_gio_ke_don":"2025-09-25 07:58:13","signature":""} 
2025-09-25 22:12:41.9702||TRACE|guiDonThuoc|https://api.donthuocquocgia.vn/api/v1/gui-don-thuoc 
2025-09-25 22:12:42.4595||TRACE|guiDonThuoc|WebRequest The remote server returned an error: (422) Unprocessable Entity. 
2025-09-25 22:16:41.1857||TRACE|guiDonThuoc|Response data=The remote server returned an error: (422) Unprocessable Entity. 
2025-09-25 22:16:41.3380||ERROR|guiDonThuoc|Unexpected character encountered while parsing value: T. Path '', line 0, position 0. 
2025-09-25 22:16:41.4165||TRACE|guiDonThuoc|_________End________ 
2025-09-25 22:17:11.6090||TRACE|guiDonThuoc|_________Begin________ 
2025-09-25 22:17:12.9636||TRACE|guiDonThuoc|guiDonThuocID: 0 
2025-09-25 22:17:14.2703||TRACE|guiDonThuoc|url=https://api.donthuocquocgia.vn/api/v1/gui-don-thuoc 
2025-09-25 22:17:14.6547||TRACE|guiDonThuoc|Request data ={"loai_don_thuoc":"c","ma_don_thuoc":"797572508232-c","ho_ten_benh_nhan":"PHẠM THỊ MAI LINH","ma_dinh_danh_y_te":"","ma_dinh_danh_cong_dan":"030192013443","ngay_sinh_benh_nhan":"25/05/1992","can_nang":0.0,"gioi_tinh":3,"ma_so_the_bao_hiem_y_te":"","thong_tin_nguoi_giam_ho":"","dia_chi":"Tổ 2B, Khu Phố 1, Hội Nghĩa, Tân Uyên, Bình Dương","chan_doan":[{"ma_chan_doan":"N97","ten_chan_doan":"Vô sinh nữ","ket_luan":"TÁI KHÁM NGÀY 30/09/2025 ĐỂ SIÊU ÂM"}],"luu_y":"TÁI KHÁM NGÀY 30/09/2025 ĐỂ SIÊU ÂM","hinh_thuc_dieu_tri":1,"dot_dung_thuoc":[{"dot":"1","tu_ngay":"25/09/2025","den_ngay":"26/09/2025"}],"thong_tin_don_thuoc":[{"ma_thuoc":"NTDP0149","biet_duoc":"Dydrogesterone","ten_thuoc":"DUPHASTON 10MG (H/20 viên)","don_vi_tinh":"Viên","so_luong":10.00,"cach_dung":"Uống sau ăn ngày 2 lần, lần 1 viên (sáng - chiều) từ ngày 25/09"}],"loi_dan":"TÁI KHÁM NGÀY 30/09/2025 ĐỂ SIÊU ÂM","so_dien_thoai_nguoi_kham_benh":"0934030592","ngay_tai_kham":"1","ngay_gio_ke_don":"2025-09-25 07:58:13","signature":""} 
2025-09-25 22:17:15.1312||TRACE|guiDonThuoc|https://api.donthuocquocgia.vn/api/v1/gui-don-thuoc 
2025-09-25 22:17:15.8219||TRACE|guiDonThuoc|{"success":"G\u1eedi \u0111\u01a1n thu\u1ed1c th\u00e0nh c\u00f4ng","checksum":"a23efcef74f45fc0c6d257f8e02bd3236d452e269fc3f5949a92fb7720dd47af"} 
2025-09-25 22:17:22.4271||TRACE|guiDonThuoc|Response data={"success":"G\u1eedi \u0111\u01a1n thu\u1ed1c th\u00e0nh c\u00f4ng","checksum":"a23efcef74f45fc0c6d257f8e02bd3236d452e269fc3f5949a92fb7720dd47af"} 
2025-09-25 22:17:29.1900||TRACE|guiDonThuoc|_________End________ 
2025-09-25 22:44:22.7947||TRACE|guiDonThuoc|_________Begin________ 
2025-09-25 22:44:24.0557||TRACE|guiDonThuoc|guiDonThuocID: 0 
2025-09-25 22:44:24.7487||TRACE|guiDonThuoc|url=https://api.donthuocquocgia.vn/api/v1/gui-don-thuoc 
2025-09-25 22:44:25.4348||TRACE|guiDonThuoc|Request data ={"loai_don_thuoc":"c","ma_don_thuoc":"797572508233-c","ho_ten_benh_nhan":"PHẠM THỊ NGỌC","ma_dinh_danh_y_te":"","ma_dinh_danh_cong_dan":"091194006171","ngay_sinh_benh_nhan":"22/12/1994","can_nang":0.0,"gioi_tinh":3,"ma_so_the_bao_hiem_y_te":"","thong_tin_nguoi_giam_ho":"","dia_chi":"Số Nhà 23/A, Tồ 7, Ấp Hòa Mỹ, Hòa Hưng, Giồng Riềng, Kiên Giang","chan_doan":[{"ma_chan_doan":"N97","ten_chan_doan":"Vô sinh nữ","ket_luan":"TÁI KHÁM NGÀY 23/10/2025 ĐỂ SIÊU ÂM TIÊM ỨC CHẾ LẠC TUYẾN MŨI 2"}],"luu_y":"TÁI KHÁM NGÀY 23/10/2025 ĐỂ SIÊU ÂM TIÊM ỨC CHẾ LẠC TUYẾN MŨI 2","hinh_thuc_dieu_tri":1,"dot_dung_thuoc":[{"dot":"1","tu_ngay":"25/09/2025","den_ngay":"26/09/2025"}],"thong_tin_don_thuoc":[{"ma_thuoc":"DP00007","biet_duoc":"Triptorelin","ten_thuoc":"DIPHERELINE","don_vi_tinh":"Ống","so_luong":1.00,"cach_dung":"Tiêm bắp mông ngày 1 lần, lần 1 ống ngày 25/09"},{"ma_thuoc":"DP00007","biet_duoc":"Triptorelin*","ten_thuoc":"DIPHERELINE","don_vi_tinh":"Ống","so_luong":1.00,"cach_dung":"Tiêm bắp mông ngày 1 lần, lần 1 ống ngày 25/09"}],"loi_dan":"TÁI KHÁM NGÀY 23/10/2025 ĐỂ SIÊU ÂM TIÊM ỨC CHẾ LẠC TUYẾN MŨI 2","so_dien_thoai_nguoi_kham_benh":"0945737673","ngay_tai_kham":"1","ngay_gio_ke_don":"2025-09-25 08:02:58","signature":""} 
2025-09-25 22:44:25.7585||TRACE|guiDonThuoc|https://api.donthuocquocgia.vn/api/v1/gui-don-thuoc 
2025-09-25 22:44:26.5057||TRACE|guiDonThuoc|{"success":"G\u1eedi \u0111\u01a1n thu\u1ed1c th\u00e0nh c\u00f4ng","checksum":"fab3e8c6b9ef627d67993bbbceae790099695c8db76b8af090cba88f57f8927b"} 
2025-09-25 22:44:30.7651||TRACE|guiDonThuoc|Response data={"success":"G\u1eedi \u0111\u01a1n thu\u1ed1c th\u00e0nh c\u00f4ng","checksum":"fab3e8c6b9ef627d67993bbbceae790099695c8db76b8af090cba88f57f8927b"} 
2025-09-25 22:44:30.8705||TRACE|guiDonThuoc|_________End________ 
2025-09-25 22:57:20.7982||TRACE|guiDonThuoc|_________Begin________ 
2025-09-25 22:57:24.1068||TRACE|guiDonThuoc|guiDonThuocID: 0 
2025-09-25 22:57:36.3712||TRACE|guiDonThuoc|url=https://api.donthuocquocgia.vn/api/v1/gui-don-thuoc 
2025-09-25 22:57:41.8444||TRACE|guiDonThuoc|Request data ={"loai_don_thuoc":"c","ma_don_thuoc":"797572508233-c","ho_ten_benh_nhan":"PHẠM THỊ NGỌC","ma_dinh_danh_y_te":"","ma_dinh_danh_cong_dan":"091194006171","ngay_sinh_benh_nhan":"22/12/1994","can_nang":0.0,"gioi_tinh":3,"ma_so_the_bao_hiem_y_te":"","thong_tin_nguoi_giam_ho":"","dia_chi":"Số Nhà 23/A, Tồ 7, Ấp Hòa Mỹ, Hòa Hưng, Giồng Riềng, Kiên Giang","chan_doan":[{"ma_chan_doan":"N97","ten_chan_doan":"Vô sinh nữ","ket_luan":"TÁI KHÁM NGÀY 23/10/2025 ĐỂ SIÊU ÂM TIÊM ỨC CHẾ LẠC TUYẾN MŨI 2"}],"luu_y":"TÁI KHÁM NGÀY 23/10/2025 ĐỂ SIÊU ÂM TIÊM ỨC CHẾ LẠC TUYẾN MŨI 2","hinh_thuc_dieu_tri":1,"dot_dung_thuoc":[{"dot":"1","tu_ngay":"25/09/2025","den_ngay":"26/09/2025"}],"thong_tin_don_thuoc":[{"ma_thuoc":"DP00007","biet_duoc":"Triptorelin","ten_thuoc":"DIPHERELINE","don_vi_tinh":"Ống","so_luong":1.00,"cach_dung":"Tiêm bắp mông ngày 1 lần, lần 1 ống ngày 25/09"},{"ma_thuoc":"DP00007","biet_duoc":"Triptorelin*","ten_thuoc":"DIPHERELINE","don_vi_tinh":"Ống","so_luong":1.00,"cach_dung":"Tiêm bắp mông ngày 1 lần, lần 1 ống ngày 25/09"}],"loi_dan":"TÁI KHÁM NGÀY 23/10/2025 ĐỂ SIÊU ÂM TIÊM ỨC CHẾ LẠC TUYẾN MŨI 2","so_dien_thoai_nguoi_kham_benh":"0945737673","ngay_tai_kham":"1","ngay_gio_ke_don":"2025-09-25 08:02:58","signature":""} 
2025-09-25 22:58:30.0533||TRACE|guiDonThuoc|https://api.donthuocquocgia.vn/api/v1/gui-don-thuoc 
2025-09-25 22:58:30.7625||TRACE|guiDonThuoc|WebRequest The remote server returned an error: (422) Unprocessable Entity. 
2025-09-25 22:58:38.4903||TRACE|guiDonThuoc|Response data=The remote server returned an error: (422) Unprocessable Entity. 
2025-09-25 22:58:46.5470||ERROR|guiDonThuoc|Unexpected character encountered while parsing value: T. Path '', line 0, position 0. 
2025-09-25 22:58:46.6512||TRACE|guiDonThuoc|_________End________ 
