2023-10-30 15:09:54.8021||INFO|Startup|BaseDirectory: E:\Viet Ba\VietBaIT.ChuKySo\trunk\VietBaIT.ChuKySo.Api\bin\Release\netcoreapp3.1\ 
2023-10-30 15:10:22.0650||DEBUG|DigitalSignatureCheckAccount|---------------------------------------------------------------------- 
2023-10-30 15:10:22.0650||DEBUG|DigitalSignatureCheckAccount|Begin checking account for user string with appId: CMT_034162003470, secret: string 
2023-10-30 15:10:24.2878||ERROR|VietBaIT.ChuKySo.Api.DigitalSignature.Viettel.MobileCA|ERROR: Login to Cloud CA 
2023-10-30 15:11:09.1641||INFO|Startup|BaseDirectory: E:\Viet Ba\VietBaIT.ChuKySo\trunk\VietBaIT.ChuKySo.Api\bin\Release\netcoreapp3.1\ 
2023-10-30 15:11:44.5011||DEBUG|DigitalSignatureCheckAccount|---------------------------------------------------------------------- 
2023-10-30 15:11:44.5011||DEBUG|DigitalSignatureCheckAccount|Begin checking account for user string with appId: CMT_034162003470, secret: string 
2023-10-30 15:13:42.6452||INFO|Startup|BaseDirectory: E:\Viet Ba\VietBaIT.ChuKySo\trunk\VietBaIT.ChuKySo.Api\bin\Release\netcoreapp3.1\ 
2023-10-30 15:13:42.9425||DEBUG|DigitalSignatureCheckAccount|---------------------------------------------------------------------- 
2023-10-30 15:13:42.9425||DEBUG|DigitalSignatureCheckAccount|Begin checking account for user string with appId: CMT_034162003470, secret: string 
2023-10-30 15:15:03.1038||INFO|Startup|BaseDirectory: E:\Viet Ba\VietBaIT.ChuKySo\trunk\VietBaIT.ChuKySo.Api\bin\Release\netcoreapp3.1\ 
2023-10-30 15:15:03.4613||DEBUG|DigitalSignatureCheckAccount|---------------------------------------------------------------------- 
2023-10-30 15:15:03.4691||DEBUG|DigitalSignatureCheckAccount|Begin checking account for user string with appId: CMT_034162003470, secret: string 
2023-10-30 15:16:04.6580||INFO|Startup|BaseDirectory: E:\Viet Ba\VietBaIT.ChuKySo\trunk\VietBaIT.ChuKySo.Api\bin\Release\netcoreapp3.1\ 
2023-10-30 15:16:05.7762||DEBUG|DigitalSignatureCheckAccount|---------------------------------------------------------------------- 
2023-10-30 15:16:05.7762||DEBUG|DigitalSignatureCheckAccount|Begin checking account for user string with appId: CMT_034162003470, secret: string 
2023-10-30 15:18:13.1996||INFO|Startup|BaseDirectory: E:\Viet Ba\VietBaIT.ChuKySo\trunk\VietBaIT.ChuKySo.Api\bin\Release\netcoreapp3.1\ 
2023-10-30 15:18:25.2501||DEBUG|DigitalSignatureCheckAccount|---------------------------------------------------------------------- 
2023-10-30 15:18:25.2501||DEBUG|DigitalSignatureCheckAccount|Begin checking account for user string with appId: 034162003470_2866590_20230525111357, secret: CMT_034162003470 
2023-10-30 15:18:26.0593||DEBUG|DigitalSignatureCheckAccount|Invalid userName !!! 
2023-10-30 15:18:36.5786||DEBUG|DigitalSignatureCheckAccount|---------------------------------------------------------------------- 
2023-10-30 15:18:36.5786||DEBUG|DigitalSignatureCheckAccount|Begin checking account for user string with appId: 034162003470_2866590_20230525111357, secret: CMT_034162003470 
2023-10-30 15:19:00.7713||INFO|Startup|BaseDirectory: E:\Viet Ba\VietBaIT.ChuKySo\trunk\VietBaIT.ChuKySo.Api\bin\Release\netcoreapp3.1\ 
2023-10-30 15:19:09.9611||DEBUG|DigitalSignatureCheckAccount|---------------------------------------------------------------------- 
2023-10-30 15:19:09.9611||DEBUG|DigitalSignatureCheckAccount|Begin checking account for user string with appId: 034162003470_2866590_20230525111357, secret: CMT_034162003470 
2023-10-30 15:20:49.6359||INFO|Startup|BaseDirectory: E:\Viet Ba\VietBaIT.ChuKySo\trunk\VietBaIT.ChuKySo.Api\bin\Release\netcoreapp3.1\ 
2023-10-30 15:20:49.9319||DEBUG|DigitalSignatureCheckAccount|---------------------------------------------------------------------- 
2023-10-30 15:20:49.9319||DEBUG|DigitalSignatureCheckAccount|Begin checking account for user string with appId: 034162003470_2866590_20230525111357, secret: CMT_034162003470 
2023-10-30 15:24:41.8894||INFO|Startup|BaseDirectory: E:\Viet Ba\VietBaIT.ChuKySo\trunk\VietBaIT.ChuKySo.Api\bin\Release\netcoreapp3.1\ 
2023-10-30 15:24:45.1165||DEBUG|DigitalSignatureCheckAccount|---------------------------------------------------------------------- 
2023-10-30 15:24:45.1165||DEBUG|DigitalSignatureCheckAccount|Begin checking account for user string with appId: 034162003470_2866590_20230525111357, secret: CMT_034162003470 
2023-10-30 15:24:49.4156||DEBUG|DigitalSignatureCheckAccount|034162003470_2866590_20230525111357 
2023-10-30 15:24:50.4764||DEBUG|DigitalSignatureCheckAccount|Successfully !!! 
2023-10-30 17:01:14.5457||INFO|Startup|BaseDirectory: E:\Viet Ba\VietBaIT.ChuKySo\trunk\VietBaIT.ChuKySo.Api\bin\Release\netcoreapp3.1\ 
2023-10-30 17:01:46.2011||DEBUG|DigitalSignatureCheckAccount|---------------------------------------------------------------------- 
2023-10-30 17:01:46.2065||DEBUG|DigitalSignatureCheckAccount|Begin checking account for user ADMIN with appId: 026084000490_3149784_20230930094614, secret:  
