2023-10-04 10:12:02.8723||INFO|Startup|BaseDirectory: E:\Viet Ba\VietBaIT.ChuKySo\trunk\VietBaIT.ChuKySo.Api\bin\Release\netcoreapp3.1\ 
2023-10-04 10:12:30.9960||DEBUG|DigitalSignatureCheckAccount|---------------------------------------------------------------------- 
2023-10-04 10:12:31.0032||DEBUG|DigitalSignatureCheckAccount|Begin checking account for user ADMIN with appId: 001092030130_3048529_20230824082257, secret:  
2023-10-04 10:12:40.3898||DEBUG|DigitalSignatureCheckAccount|Successfully !!! 
2023-10-04 10:12:41.4301||DEBUG|DigitalSignatureCheckAccount|---------------------------------------------------------------------- 
2023-10-04 10:12:41.4407||DEBUG|DigitalSignatureCheckAccount|Begin checking account for user ADMIN with appId: 001092030130_3048529_20230824082257, secret:  
2023-10-04 10:12:43.9249||DEBUG|DigitalSignatureCheckAccount|Successfully !!! 
2023-10-04 10:13:36.4046||INFO|Startup|BaseDirectory: E:\Viet Ba\VietBaIT.ChuKySo\trunk\VietBaIT.ChuKySo.Api\bin\Release\netcoreapp3.1\ 
2023-10-04 10:13:41.9838||DEBUG|DigitalSignatureCheckAccount|---------------------------------------------------------------------- 
2023-10-04 10:13:41.9838||DEBUG|DigitalSignatureCheckAccount|Begin checking account for user ADMIN with appId: 026084000490_3149784_20230930094614, secret:  
2023-10-04 10:15:49.6447||INFO|Startup|BaseDirectory: E:\Viet Ba\VietBaIT.ChuKySo\trunk\VietBaIT.ChuKySo.Api\bin\Release\netcoreapp3.1\ 
2023-10-04 10:15:56.5974||DEBUG|DigitalSignatureCheckAccount|---------------------------------------------------------------------- 
2023-10-04 10:15:56.5974||DEBUG|DigitalSignatureCheckAccount|Begin checking account for user ADMIN with appId: 026084000490_3149784_20230930094614, secret:  
2023-10-04 10:15:58.3163||ERROR|VietBaIT.ChuKySo.Api.DigitalSignature.Viettel.MobileCA|Error: The remote server returned an error: (404) Not Found. 
2023-10-04 10:15:58.3163||ERROR|VietBaIT.ChuKySo.Api.DigitalSignature.Viettel.MobileCA|ERROR: Login to Cloud CA 
2023-10-04 10:16:22.9947||INFO|Startup|BaseDirectory: E:\Viet Ba\VietBaIT.ChuKySo\trunk\VietBaIT.ChuKySo.Api\bin\Release\netcoreapp3.1\ 
2023-10-04 10:16:24.5559||DEBUG|DigitalSignatureCheckAccount|---------------------------------------------------------------------- 
2023-10-04 10:16:24.5559||DEBUG|DigitalSignatureCheckAccount|Begin checking account for user ADMIN with appId: 026084000490_3149784_20230930094614, secret:  
2023-10-04 10:16:36.5562||DEBUG|DigitalSignatureCheckAccount|Successfully !!! 
2023-10-04 10:24:02.8080||INFO|Startup|BaseDirectory: E:\Viet Ba\VietBaIT.ChuKySo\trunk\VietBaIT.ChuKySo.Api\bin\Release\netcoreapp3.1\ 
2023-10-04 10:26:32.9906||DEBUG|DigitalSignaturePdfFileSign|---------------------------------------------------------------------- 
2023-10-04 10:26:33.0060||DEBUG|DigitalSignaturePdfFileSign|Begin iSignatureType 'imageWithText' for pdf file '2109300001_SHMD.pdf' by user 'ADMIN', userFullName 'Quản trị hệ thống' with appId: '026084000490_3149784_20230930094614', secret: '' 
2023-10-04 10:26:33.0060||DEBUG|DigitalSignaturePdfFileSign|File Length: 311893 
2023-10-04 10:26:33.0060||DEBUG|DigitalSignaturePdfFileSign|Signature Length: 0 
2023-10-04 10:28:51.1233||ERROR|VietBaIT.ChuKySo.Api.DigitalSignature.Viettel.MobileCA|Error: The operation has timed out. 
2023-10-04 10:28:54.6967||ERROR|VietBaIT.ChuKySo.Api.DigitalSignature.Viettel.MobileCA|ERROR: Get SAD 
2023-10-04 10:28:54.6967||DEBUG|DigitalSignaturePdfFileSign|Ký không thành công 
2023-10-04 10:28:54.6967||DEBUG|DigitalSignaturePdfFileSign|Ký hash thành công 
2023-10-04 10:28:55.8242||ERROR|DigitalSignaturePdfFileSign|There was an error on 'DigitalSignaturePdfFileSign' invocation: System.NullReferenceException: Object reference not set to an instance of an object.
   at VietBaIT.ChuKySo.Api.Controllers.ViettelController.DigitalSignaturePdfFileSign(VietBaDigitalSignature objDigitalSignature) in E:\Viet Ba\VietBaIT.ChuKySo\trunk\VietBaIT.ChuKySo.Api\Controllers\ViettelController.cs:line 249 
2023-10-04 10:29:03.3608||DEBUG|DigitalSignaturePdfFileSign|---------------------------------------------------------------------- 
2023-10-04 10:29:03.3608||DEBUG|DigitalSignaturePdfFileSign|Begin iSignatureType 'imageWithText' for pdf file '2109300001_SHMD.pdf' by user 'ADMIN', userFullName 'Quản trị hệ thống' with appId: '026084000490_3149784_20230930094614', secret: '' 
2023-10-04 10:29:03.3608||DEBUG|DigitalSignaturePdfFileSign|File Length: 311893 
2023-10-04 10:29:03.3608||DEBUG|DigitalSignaturePdfFileSign|Signature Length: 0 
2023-10-04 10:35:56.6122||ERROR|VietBaIT.ChuKySo.Api.DigitalSignature.Viettel.MobileCA|Error: The remote server returned an error: (400) Bad Request. 
2023-10-04 10:36:00.4950||ERROR|VietBaIT.ChuKySo.Api.DigitalSignature.Viettel.MobileCA|ERROR: Sign Hash 
2023-10-04 10:36:00.4950||DEBUG|DigitalSignaturePdfFileSign|Ký không thành công 
2023-10-04 10:36:00.4950||DEBUG|DigitalSignaturePdfFileSign|Ký hash thành công 
2023-10-04 10:36:01.5196||ERROR|DigitalSignaturePdfFileSign|There was an error on 'DigitalSignaturePdfFileSign' invocation: System.NullReferenceException: Object reference not set to an instance of an object.
   at VietBaIT.ChuKySo.Api.Controllers.ViettelController.DigitalSignaturePdfFileSign(VietBaDigitalSignature objDigitalSignature) in E:\Viet Ba\VietBaIT.ChuKySo\trunk\VietBaIT.ChuKySo.Api\Controllers\ViettelController.cs:line 249 
2023-10-04 10:36:10.9174||DEBUG|DigitalSignaturePdfFileSign|---------------------------------------------------------------------- 
2023-10-04 10:36:10.9174||DEBUG|DigitalSignaturePdfFileSign|Begin iSignatureType 'imageWithText' for pdf file '2109300001_SHMD.pdf' by user 'ADMIN', userFullName 'Quản trị hệ thống' with appId: '026084000490_3149784_20230930094614', secret: '' 
2023-10-04 10:36:10.9227||DEBUG|DigitalSignaturePdfFileSign|File Length: 311893 
2023-10-04 10:36:10.9227||DEBUG|DigitalSignaturePdfFileSign|Signature Length: 0 
2023-10-04 10:36:36.5824||DEBUG|DigitalSignaturePdfFileSign|Ký hash thành công 
2023-10-04 10:36:36.6057||DEBUG|DigitalSignaturePdfFileSign|Ký thành công 
2023-10-04 10:36:53.8387||DEBUG|DigitalSignaturePdfFileSign|---------------------------------------------------------------------- 
2023-10-04 10:36:53.8387||DEBUG|DigitalSignaturePdfFileSign|Begin iSignatureType 'imageWithText' for pdf file '2109300001_SHMD.pdf' by user 'ADMIN', userFullName 'Quản trị hệ thống' with appId: '026084000490_3149784_20230930094614', secret: '' 
2023-10-04 10:36:53.8387||DEBUG|DigitalSignaturePdfFileSign|File Length: 311893 
2023-10-04 10:36:53.8466||DEBUG|DigitalSignaturePdfFileSign|Signature Length: 0 
2023-10-04 10:37:10.7972||DEBUG|DigitalSignaturePdfFileSign|Ký hash thành công 
2023-10-04 10:37:10.8147||DEBUG|DigitalSignaturePdfFileSign|Ký thành công 
2023-10-04 10:37:26.9907||DEBUG|DigitalSignaturePdfFileSign|---------------------------------------------------------------------- 
2023-10-04 10:37:26.9907||DEBUG|DigitalSignaturePdfFileSign|Begin iSignatureType 'imageWithText' for pdf file '2109300001_SHMD.pdf' by user 'ADMIN', userFullName 'Quản trị hệ thống' with appId: '026084000490_3149784_20230930094614', secret: '' 
2023-10-04 10:37:26.9907||DEBUG|DigitalSignaturePdfFileSign|File Length: 311893 
2023-10-04 10:37:27.0006||DEBUG|DigitalSignaturePdfFileSign|Signature Length: 0 
2023-10-04 10:38:10.5891||DEBUG|DigitalSignaturePdfFileSign|Ký hash thành công 
2023-10-04 10:38:10.6016||DEBUG|DigitalSignaturePdfFileSign|Ký thành công 
2023-10-04 10:39:54.4412||DEBUG|DigitalSignatureCheckAccount|---------------------------------------------------------------------- 
2023-10-04 10:39:54.4412||DEBUG|DigitalSignatureCheckAccount|Begin checking account for user ADMIN with appId: 026084000490_3149784_20230930094614, secret:  
2023-10-04 10:39:55.6613||DEBUG|DigitalSignatureCheckAccount|Successfully !!! 
2023-10-04 10:48:08.3687||INFO|Startup|BaseDirectory: E:\Viet Ba\VietBaIT.ChuKySo\trunk\VietBaIT.ChuKySo.Api\bin\Release\netcoreapp3.1\ 
2023-10-04 10:48:34.1489||DEBUG|DigitalSignaturePdfFileSign|---------------------------------------------------------------------- 
2023-10-04 10:48:34.1489||DEBUG|DigitalSignaturePdfFileSign|Begin iSignatureType 'imageWithText' for pdf file '2109300001_SHMD.pdf' by user 'ADMIN', userFullName 'Quản trị hệ thống' with appId: '026084000490_3149784_20230930094614', secret: '' 
2023-10-04 10:48:34.1607||DEBUG|DigitalSignaturePdfFileSign|File Length: 311893 
2023-10-04 10:48:34.1607||DEBUG|DigitalSignaturePdfFileSign|Signature Length: 0 
2023-10-04 10:50:40.5921||DEBUG|DigitalSignaturePdfFileSign|Ký hash thành công 
2023-10-04 10:50:40.6300||DEBUG|DigitalSignaturePdfFileSign|Ký thành công 
2023-10-04 10:50:42.0495||DEBUG|DigitalSignaturePdfFileSign|---------------------------------------------------------------------- 
2023-10-04 10:50:42.0495||DEBUG|DigitalSignaturePdfFileSign|Begin iSignatureType 'imageWithText' for pdf file '2109300001_SHMD.pdf' by user 'ADMIN', userFullName 'Quản trị hệ thống' with appId: '026084000490_3149784_20230930094614', secret: '' 
2023-10-04 10:50:42.0495||DEBUG|DigitalSignaturePdfFileSign|File Length: 311893 
2023-10-04 10:50:42.0495||DEBUG|DigitalSignaturePdfFileSign|Signature Length: 0 
2023-10-04 14:22:42.2012||INFO|Startup|BaseDirectory: E:\Viet Ba\VietBaIT.ChuKySo\trunk\VietBaIT.ChuKySo.Api\bin\Release\netcoreapp3.1\ 
2023-10-04 14:22:44.9495||DEBUG|DigitalSignatureCheckAccount|---------------------------------------------------------------------- 
2023-10-04 14:22:44.9495||DEBUG|DigitalSignatureCheckAccount|Begin checking account for user ADMIN with appId: 026084000490_3149784_20230930094614, secret:  
2023-10-04 14:24:37.6548||INFO|Startup|BaseDirectory: E:\Viet Ba\VietBaIT.ChuKySo\trunk\VietBaIT.ChuKySo.Api\bin\Release\netcoreapp3.1\ 
2023-10-04 14:24:38.3167||DEBUG|DigitalSignatureCheckAccount|---------------------------------------------------------------------- 
2023-10-04 14:24:38.3167||DEBUG|DigitalSignatureCheckAccount|Begin checking account for user ADMIN with appId: 026084000490_3149784_20230930094614, secret:  
2023-10-04 14:25:04.9982||DEBUG|DigitalSignatureCheckAccount|Successfully !!! 
2023-10-04 14:25:11.2275||DEBUG|DigitalSignatureCheckAccount|---------------------------------------------------------------------- 
2023-10-04 14:25:11.2275||DEBUG|DigitalSignatureCheckAccount|Begin checking account for user ADMIN with appId: 026084000490_3149784_20230930094614, secret:  
2023-10-04 14:30:43.8010||INFO|Startup|BaseDirectory: E:\Viet Ba\VietBaIT.ChuKySo\trunk\VietBaIT.ChuKySo.Api\bin\Release\netcoreapp3.1\ 
2023-10-04 14:30:54.2865||DEBUG|DigitalSignatureCheckAccount|---------------------------------------------------------------------- 
2023-10-04 14:30:54.2865||DEBUG|DigitalSignatureCheckAccount|Begin checking account for user ADMIN with appId: 026084000490_3149784_20230930094614, secret:  
2023-10-04 14:31:02.9856||DEBUG|DigitalSignatureCheckAccount|Successfully !!! 
2023-10-04 14:31:17.7737||DEBUG|DigitalSignaturePdfFileSign|---------------------------------------------------------------------- 
2023-10-04 14:31:17.7737||DEBUG|DigitalSignaturePdfFileSign|Begin iSignatureType 'imageWithText' for pdf file '2109300001_SHMD.pdf' by user 'ADMIN', userFullName 'Quản trị hệ thống' with appId: '026084000490_3149784_20230930094614', secret: '' 
2023-10-04 14:31:17.7737||DEBUG|DigitalSignaturePdfFileSign|File Length: 311893 
2023-10-04 14:31:17.7851||DEBUG|DigitalSignaturePdfFileSign|Signature Length: 0 
2023-10-04 14:44:44.7170||DEBUG|DigitalSignaturePdfFileSign|---------------------------------------------------------------------- 
2023-10-04 14:44:44.7209||DEBUG|DigitalSignaturePdfFileSign|Begin iSignatureType 'imageWithText' for pdf file '2109300001_SHMD.pdf' by user 'ADMIN', userFullName 'Quản trị hệ thống' with appId: '026084000490_3149784_20230930094614', secret: '' 
2023-10-04 14:44:44.7209||DEBUG|DigitalSignaturePdfFileSign|File Length: 311893 
2023-10-04 14:44:44.7209||DEBUG|DigitalSignaturePdfFileSign|Signature Length: 0 
2023-10-04 14:44:45.1934||ERROR|VietBaIT.ChuKySo.Api.DigitalSignature.Viettel.MobileCA|Error: The remote server returned an error: (400) Bad Request. 
2023-10-04 14:44:45.1934||ERROR|VietBaIT.ChuKySo.Api.DigitalSignature.Viettel.MobileCA|ERROR: Sign Hash 
2023-10-04 14:44:45.1934||DEBUG|DigitalSignaturePdfFileSign|Ký không thành công 
2023-10-04 14:44:45.1934||DEBUG|DigitalSignaturePdfFileSign|Ký hash thành công 
2023-10-04 14:44:46.0758||ERROR|DigitalSignaturePdfFileSign|There was an error on 'DigitalSignaturePdfFileSign' invocation: System.NullReferenceException: Object reference not set to an instance of an object.
   at VietBaIT.ChuKySo.Api.Controllers.ViettelController.DigitalSignaturePdfFileSign(VietBaDigitalSignature objDigitalSignature) in E:\Viet Ba\VietBaIT.ChuKySo\trunk\VietBaIT.ChuKySo.Api\Controllers\ViettelController.cs:line 249 
2023-10-04 14:46:47.5425||ERROR|VietBaIT.ChuKySo.Api.DigitalSignature.Viettel.MobileCA|Error: The operation has timed out. 
2023-10-04 14:46:47.5425||ERROR|VietBaIT.ChuKySo.Api.DigitalSignature.Viettel.MobileCA|ERROR: Get SAD 
2023-10-04 14:46:47.5425||DEBUG|DigitalSignaturePdfFileSign|Ký không thành công 
2023-10-04 14:46:47.5425||DEBUG|DigitalSignaturePdfFileSign|Ký hash thành công 
2023-10-04 14:49:26.1039||INFO|Startup|BaseDirectory: E:\Viet Ba\VietBaIT.ChuKySo\trunk\VietBaIT.ChuKySo.Api\bin\Release\netcoreapp3.1\ 
2023-10-04 14:49:30.7898||DEBUG|DigitalSignaturePdfFileSign|---------------------------------------------------------------------- 
2023-10-04 14:49:30.7898||DEBUG|DigitalSignaturePdfFileSign|Begin iSignatureType 'imageWithText' for pdf file '2109300001_SHMD.pdf' by user 'ADMIN', userFullName 'Quản trị hệ thống' with appId: '026084000490_3149784_20230930094614', secret: '' 
2023-10-04 14:49:30.8041||DEBUG|DigitalSignaturePdfFileSign|File Length: 311893 
2023-10-04 14:49:30.8041||DEBUG|DigitalSignaturePdfFileSign|Signature Length: 0 
2023-10-04 14:50:24.4723||ERROR|VietBaIT.ChuKySo.Api.DigitalSignature.Viettel.MobileCA|Error: The SSL connection could not be established, see inner exception. Unable to read data from the transport connection: A connection attempt failed because the connected party did not properly respond after a period of time, or established connection failed because connected host has failed to respond.. 
2023-10-04 14:50:24.4723||ERROR|VietBaIT.ChuKySo.Api.DigitalSignature.Viettel.MobileCA|ERROR: Sign Hash 
2023-10-04 14:50:24.4723||DEBUG|DigitalSignaturePdfFileSign|Ký không thành công 
2023-10-04 14:50:24.4723||DEBUG|DigitalSignaturePdfFileSign|Ký hash thành công 
2023-10-04 14:56:24.1275||ERROR|DigitalSignaturePdfFileSign|There was an error on 'DigitalSignaturePdfFileSign' invocation: System.NullReferenceException: Object reference not set to an instance of an object.
   at VietBaIT.ChuKySo.Api.Controllers.ViettelController.DigitalSignaturePdfFileSign(VietBaDigitalSignature objDigitalSignature) in E:\Viet Ba\VietBaIT.ChuKySo\trunk\VietBaIT.ChuKySo.Api\Controllers\ViettelController.cs:line 249 
2023-10-04 14:56:29.7297||DEBUG|DigitalSignaturePdfFileSign|---------------------------------------------------------------------- 
2023-10-04 14:56:29.7377||DEBUG|DigitalSignaturePdfFileSign|Begin iSignatureType 'imageWithText' for pdf file '2109300001_SHMD.pdf' by user 'ADMIN', userFullName 'Quản trị hệ thống' with appId: '026084000490_3149784_20230930094614', secret: '' 
2023-10-04 14:56:29.7377||DEBUG|DigitalSignaturePdfFileSign|File Length: 311893 
2023-10-04 14:56:29.7377||DEBUG|DigitalSignaturePdfFileSign|Signature Length: 0 
2023-10-04 14:56:57.0250||DEBUG|DigitalSignaturePdfFileSign|Ký hash thành công 
2023-10-04 14:56:57.0628||DEBUG|DigitalSignaturePdfFileSign|Ký thành công 
2023-10-04 15:02:02.9835||DEBUG|DigitalSignaturePdfFileSign|---------------------------------------------------------------------- 
2023-10-04 15:02:02.9835||DEBUG|DigitalSignaturePdfFileSign|Begin iSignatureType 'imageWithText' for pdf file '2109300001_SHMD.pdf' by user 'ADMIN', userFullName 'Quản trị hệ thống' with appId: '026084000490_3149784_20230930094614', secret: '' 
2023-10-04 15:02:02.9835||DEBUG|DigitalSignaturePdfFileSign|File Length: 311893 
2023-10-04 15:02:02.9835||DEBUG|DigitalSignaturePdfFileSign|Signature Length: 0 
2023-10-04 15:02:23.6591||DEBUG|DigitalSignaturePdfFileSign|Ký hash thành công 
2023-10-04 15:02:23.6725||DEBUG|DigitalSignaturePdfFileSign|Ký thành công 
2023-10-04 15:02:28.7736||DEBUG|DigitalSignaturePdfFileSign|---------------------------------------------------------------------- 
2023-10-04 15:02:28.7736||DEBUG|DigitalSignaturePdfFileSign|Begin iSignatureType 'imageWithText' for pdf file '2109300001_SHMD.pdf' by user 'ADMIN', userFullName 'Quản trị hệ thống' with appId: '026084000490_3149784_20230930094614', secret: '' 
2023-10-04 15:02:28.7736||DEBUG|DigitalSignaturePdfFileSign|File Length: 311893 
2023-10-04 15:02:28.7736||DEBUG|DigitalSignaturePdfFileSign|Signature Length: 0 
2023-10-04 15:02:40.3016||DEBUG|DigitalSignaturePdfFileSign|Ký hash thành công 
2023-10-04 15:02:40.3174||DEBUG|DigitalSignaturePdfFileSign|Ký thành công 
2023-10-04 15:02:47.1891||DEBUG|DigitalSignaturePdfFileSign|---------------------------------------------------------------------- 
2023-10-04 15:02:47.1891||DEBUG|DigitalSignaturePdfFileSign|Begin iSignatureType 'imageWithText' for pdf file '2109300001_SHMD.pdf' by user 'ADMIN', userFullName 'Quản trị hệ thống' with appId: '026084000490_3149784_20230930094614', secret: '' 
2023-10-04 15:02:47.1891||DEBUG|DigitalSignaturePdfFileSign|File Length: 311893 
2023-10-04 15:02:47.1891||DEBUG|DigitalSignaturePdfFileSign|Signature Length: 0 
2023-10-04 15:04:49.1226||ERROR|VietBaIT.ChuKySo.Api.DigitalSignature.Viettel.MobileCA|Error: The operation has timed out. 
2023-10-04 15:04:49.1226||ERROR|VietBaIT.ChuKySo.Api.DigitalSignature.Viettel.MobileCA|ERROR: Get SAD 
2023-10-04 15:04:49.1226||DEBUG|DigitalSignaturePdfFileSign|Ký không thành công 
2023-10-04 15:04:49.1247||DEBUG|DigitalSignaturePdfFileSign|Ký hash thành công 
2023-10-04 15:45:07.1046||INFO|Startup|BaseDirectory: E:\Viet Ba\VietBaIT.ChuKySo\trunk\VietBaIT.ChuKySo.Api\bin\Release\netcoreapp3.1\ 
2023-10-04 15:45:13.4918||DEBUG|DigitalSignaturePdfFileSign|---------------------------------------------------------------------- 
2023-10-04 15:45:13.4918||DEBUG|DigitalSignaturePdfFileSign|Begin iSignatureType 'imageWithText' for pdf file '2109300001_SHMD.pdf' by user 'ADMIN', userFullName 'Quản trị hệ thống' with appId: '026084000490_3149784_20230930094614', secret: '' 
2023-10-04 15:45:13.5108||DEBUG|DigitalSignaturePdfFileSign|File Length: 311893 
2023-10-04 15:45:13.5108||DEBUG|DigitalSignaturePdfFileSign|Signature Length: 0 
2023-10-04 15:46:24.1948||ERROR|VietBaIT.ChuKySo.Api.DigitalSignature.Viettel.MobileCA|Error: An error occurred while sending the request. Unable to read data from the transport connection: A connection attempt failed because the connected party did not properly respond after a period of time, or established connection failed because connected host has failed to respond.. 
2023-10-04 15:46:24.1948||ERROR|VietBaIT.ChuKySo.Api.DigitalSignature.Viettel.MobileCA|ERROR: Get Credentials list 
2023-10-04 15:46:28.8198||ERROR|DigitalSignaturePdfFileSign|There was an error on 'DigitalSignaturePdfFileSign' invocation: System.NullReferenceException: Object reference not set to an instance of an object.
   at VietBaIT.ChuKySo.Api.Controllers.ViettelController.DigitalSignaturePdfFileSign(VietBaDigitalSignature objDigitalSignature) in E:\Viet Ba\VietBaIT.ChuKySo\trunk\VietBaIT.ChuKySo.Api\Controllers\ViettelController.cs:line 183 
2023-10-04 15:46:39.3599||DEBUG|DigitalSignaturePdfFileSign|---------------------------------------------------------------------- 
2023-10-04 15:46:39.3599||DEBUG|DigitalSignaturePdfFileSign|Begin iSignatureType 'imageWithText' for pdf file '2109300001_SHMD.pdf' by user 'ADMIN', userFullName 'Quản trị hệ thống' with appId: '026084000490_3149784_20230930094614', secret: '' 
2023-10-04 15:46:39.3599||DEBUG|DigitalSignaturePdfFileSign|File Length: 311893 
2023-10-04 15:46:39.3599||DEBUG|DigitalSignaturePdfFileSign|Signature Length: 0 
2023-10-04 15:50:09.1662||INFO|Startup|BaseDirectory: E:\Viet Ba\VietBaIT.ChuKySo\trunk\VietBaIT.ChuKySo.Api\bin\Release\netcoreapp3.1\ 
2023-10-04 15:50:12.2995||DEBUG|DigitalSignatureCheckAccount|---------------------------------------------------------------------- 
2023-10-04 15:50:12.2995||DEBUG|DigitalSignatureCheckAccount|Begin checking account for user ADMIN with appId: 026084000490_3149784_20230930094614, secret:  
2023-10-04 15:50:13.7071||DEBUG|DigitalSignatureCheckAccount|Successfully !!! 
2023-10-04 15:50:14.9337||DEBUG|DigitalSignatureCheckAccount|---------------------------------------------------------------------- 
2023-10-04 15:50:14.9337||DEBUG|DigitalSignatureCheckAccount|Begin checking account for user ADMIN with appId: 026084000490_3149784_20230930094614, secret:  
2023-10-04 15:50:16.4091||DEBUG|DigitalSignatureCheckAccount|Successfully !!! 
2023-10-04 15:50:21.4180||DEBUG|DigitalSignaturePdfFileSign|---------------------------------------------------------------------- 
2023-10-04 15:50:21.4220||DEBUG|DigitalSignaturePdfFileSign|Begin iSignatureType 'imageWithText' for pdf file '2109300001_SHMD.pdf' by user 'ADMIN', userFullName 'Quản trị hệ thống' with appId: '026084000490_3149784_20230930094614', secret: '' 
2023-10-04 15:50:21.4220||DEBUG|DigitalSignaturePdfFileSign|File Length: 311893 
2023-10-04 15:50:21.4220||DEBUG|DigitalSignaturePdfFileSign|Signature Length: 0 
2023-10-04 15:51:03.9582||INFO|Startup|BaseDirectory: E:\Viet Ba\VietBaIT.ChuKySo\trunk\VietBaIT.ChuKySo.Api\bin\Release\netcoreapp3.1\ 
2023-10-04 15:51:19.0036||DEBUG|DigitalSignaturePdfFileSign|---------------------------------------------------------------------- 
2023-10-04 15:51:19.0036||DEBUG|DigitalSignaturePdfFileSign|Begin iSignatureType 'imageWithText' for pdf file '2109300001_SHMD.pdf' by user 'ADMIN', userFullName 'Quản trị hệ thống' with appId: '026084000490_3149784_20230930094614', secret: '' 
2023-10-04 15:51:19.0214||DEBUG|DigitalSignaturePdfFileSign|File Length: 311893 
2023-10-04 15:51:19.0214||DEBUG|DigitalSignaturePdfFileSign|Signature Length: 0 
2023-10-04 15:52:29.8912||INFO|Startup|BaseDirectory: E:\Viet Ba\VietBaIT.ChuKySo\trunk\VietBaIT.ChuKySo.Api\bin\Release\netcoreapp3.1\ 
2023-10-04 15:52:37.8723||DEBUG|DigitalSignaturePdfFileSign|---------------------------------------------------------------------- 
2023-10-04 15:52:37.8778||DEBUG|DigitalSignaturePdfFileSign|Begin iSignatureType 'imageWithText' for pdf file '2109300001_SHMD.pdf' by user 'ADMIN', userFullName 'Quản trị hệ thống' with appId: '026084000490_3149784_20230930094614', secret: '' 
2023-10-04 15:52:37.8778||DEBUG|DigitalSignaturePdfFileSign|File Length: 311893 
2023-10-04 15:52:37.8778||DEBUG|DigitalSignaturePdfFileSign|Signature Length: 0 
2023-10-04 15:53:52.3037||INFO|Startup|BaseDirectory: E:\Viet Ba\VietBaIT.ChuKySo\trunk\VietBaIT.ChuKySo.Api\bin\Release\netcoreapp3.1\ 
2023-10-04 15:54:17.3300||DEBUG|DigitalSignaturePdfFileSign|---------------------------------------------------------------------- 
2023-10-04 15:54:17.3300||DEBUG|DigitalSignaturePdfFileSign|Begin iSignatureType 'imageWithText' for pdf file '2109300001_SHMD.pdf' by user 'ADMIN', userFullName 'Quản trị hệ thống' with appId: '026084000490_3149784_20230930094614', secret: '' 
2023-10-04 15:54:17.3468||DEBUG|DigitalSignaturePdfFileSign|File Length: 311893 
2023-10-04 15:54:17.3468||DEBUG|DigitalSignaturePdfFileSign|Signature Length: 0 
2023-10-04 15:57:25.8478||INFO|Startup|BaseDirectory: E:\Viet Ba\VietBaIT.ChuKySo\trunk\VietBaIT.ChuKySo.Api\bin\Release\netcoreapp3.1\ 
2023-10-04 15:57:32.6203||DEBUG|DigitalSignaturePdfFileSign|---------------------------------------------------------------------- 
2023-10-04 15:57:32.6203||DEBUG|DigitalSignaturePdfFileSign|Begin iSignatureType 'imageWithText' for pdf file '2109300001_SHMD.pdf' by user 'ADMIN', userFullName 'Quản trị hệ thống' with appId: '026084000490_3149784_20230930094614', secret: '' 
2023-10-04 15:57:32.6312||DEBUG|DigitalSignaturePdfFileSign|File Length: 311893 
2023-10-04 15:57:32.6312||DEBUG|DigitalSignaturePdfFileSign|Signature Length: 0 
2023-10-04 16:01:19.3494||ERROR|VietBaIT.ChuKySo.Api.DigitalSignature.Viettel.MobileCA|Error: The remote server returned an error: (400) Bad Request. 
2023-10-04 16:01:35.8884||ERROR|VietBaIT.ChuKySo.Api.DigitalSignature.Viettel.MobileCA|Error: The remote server returned an error: (500) Internal Server Error. 
2023-10-04 16:01:35.8934||ERROR|VietBaIT.ChuKySo.Api.DigitalSignature.Viettel.MobileCA|ERROR: Sign Hash 
2023-10-04 16:01:35.8934||DEBUG|DigitalSignaturePdfFileSign|Ký không thành công 
2023-10-04 16:01:35.8934||DEBUG|DigitalSignaturePdfFileSign|Ký hash thành công 
2023-10-04 16:01:36.9817||ERROR|DigitalSignaturePdfFileSign|There was an error on 'DigitalSignaturePdfFileSign' invocation: System.NullReferenceException: Object reference not set to an instance of an object.
   at VietBaIT.ChuKySo.Api.Controllers.ViettelController.DigitalSignaturePdfFileSign(VietBaDigitalSignature objDigitalSignature) in E:\Viet Ba\VietBaIT.ChuKySo\trunk\VietBaIT.ChuKySo.Api\Controllers\ViettelController.cs:line 247 
2023-10-04 16:01:44.0189||DEBUG|DigitalSignaturePdfFileSign|---------------------------------------------------------------------- 
2023-10-04 16:01:44.0189||DEBUG|DigitalSignaturePdfFileSign|Begin iSignatureType 'imageWithText' for pdf file '2109300001_SHMD.pdf' by user 'ADMIN', userFullName 'Quản trị hệ thống' with appId: '026084000490_3149784_20230930094614', secret: '' 
2023-10-04 16:01:44.0189||DEBUG|DigitalSignaturePdfFileSign|File Length: 311893 
2023-10-04 16:01:44.0189||DEBUG|DigitalSignaturePdfFileSign|Signature Length: 0 
2023-10-04 16:22:29.6245||INFO|Startup|BaseDirectory: E:\Viet Ba\VietBaIT.ChuKySo\trunk\VietBaIT.ChuKySo.Api\bin\Release\netcoreapp3.1\ 
2023-10-04 16:22:37.9664||DEBUG|DigitalSignatureCheckAccount|---------------------------------------------------------------------- 
2023-10-04 16:22:37.9690||DEBUG|DigitalSignatureCheckAccount|Begin checking account for user ADMIN with appId: 026084000490_3149784_20230930094614, secret:  
2023-10-04 16:22:43.9131||DEBUG|DigitalSignatureCheckAccount|Successfully !!! 
2023-10-04 16:23:02.8866||DEBUG|DigitalSignaturePdfFileSign|---------------------------------------------------------------------- 
2023-10-04 16:23:02.8925||DEBUG|DigitalSignaturePdfFileSign|Begin iSignatureType 'imageWithText' for pdf file '2109300001_SHMD.pdf' by user 'ADMIN', userFullName 'Quản trị hệ thống' with appId: '026084000490_3149784_20230930094614', secret: '' 
2023-10-04 16:23:02.8925||DEBUG|DigitalSignaturePdfFileSign|File Length: 311893 
2023-10-04 16:23:02.9125||DEBUG|DigitalSignaturePdfFileSign|Signature Length: 0 
2023-10-04 16:26:49.5865||INFO|Startup|BaseDirectory: E:\Viet Ba\VietBaIT.ChuKySo\trunk\VietBaIT.ChuKySo.Api\bin\Release\netcoreapp3.1\ 
2023-10-04 16:26:53.8553||DEBUG|DigitalSignaturePdfFileSign|---------------------------------------------------------------------- 
2023-10-04 16:26:53.8644||DEBUG|DigitalSignaturePdfFileSign|Begin iSignatureType 'imageWithText' for pdf file '2109300001_SHMD.pdf' by user 'ADMIN', userFullName 'Quản trị hệ thống' with appId: '026084000490_3149784_20230930094614', secret: '' 
2023-10-04 16:26:53.8644||DEBUG|DigitalSignaturePdfFileSign|File Length: 311893 
2023-10-04 16:26:53.8644||DEBUG|DigitalSignaturePdfFileSign|Signature Length: 0 
2023-10-04 16:29:29.6071||INFO|Startup|BaseDirectory: E:\Viet Ba\VietBaIT.ChuKySo\trunk\VietBaIT.ChuKySo.Api\bin\Release\netcoreapp3.1\ 
2023-10-04 16:29:36.1074||DEBUG|DigitalSignaturePdfFileSign|---------------------------------------------------------------------- 
2023-10-04 16:29:36.1138||DEBUG|DigitalSignaturePdfFileSign|Begin iSignatureType 'imageWithText' for pdf file '2109300001_SHMD.pdf' by user 'ADMIN', userFullName 'Quản trị hệ thống' with appId: '026084000490_3149784_20230930094614', secret: '' 
2023-10-04 16:29:36.1252||DEBUG|DigitalSignaturePdfFileSign|File Length: 311893 
2023-10-04 16:29:36.1252||DEBUG|DigitalSignaturePdfFileSign|Signature Length: 0 
2023-10-04 16:38:29.0060||INFO|Startup|BaseDirectory: E:\Viet Ba\VietBaIT.ChuKySo\trunk\VietBaIT.ChuKySo.Api\bin\Release\netcoreapp3.1\ 
2023-10-04 16:38:38.6563||DEBUG|DigitalSignaturePdfFileSign|---------------------------------------------------------------------- 
2023-10-04 16:38:38.6563||DEBUG|DigitalSignaturePdfFileSign|Begin iSignatureType 'imageWithText' for pdf file '2109300001_SHMD.pdf' by user 'ADMIN', userFullName 'Quản trị hệ thống' with appId: '026084000490_3149784_20230930094614', secret: '' 
2023-10-04 16:38:38.6725||DEBUG|DigitalSignaturePdfFileSign|File Length: 311893 
2023-10-04 16:38:38.6725||DEBUG|DigitalSignaturePdfFileSign|Signature Length: 0 
2023-10-04 16:43:02.7360||INFO|Startup|BaseDirectory: E:\Viet Ba\VietBaIT.ChuKySo\trunk\VietBaIT.ChuKySo.Api\bin\Release\netcoreapp3.1\ 
2023-10-04 16:43:05.9254||DEBUG|DigitalSignaturePdfFileSign|---------------------------------------------------------------------- 
2023-10-04 16:43:05.9254||DEBUG|DigitalSignaturePdfFileSign|Begin iSignatureType 'imageWithText' for pdf file '2109300001_SHMD.pdf' by user 'ADMIN', userFullName 'Quản trị hệ thống' with appId: '026084000490_3149784_20230930094614', secret: '' 
2023-10-04 16:43:05.9419||DEBUG|DigitalSignaturePdfFileSign|File Length: 311893 
2023-10-04 16:43:05.9419||DEBUG|DigitalSignaturePdfFileSign|Signature Length: 0 
2023-10-04 16:45:34.7565||INFO|Startup|BaseDirectory: E:\Viet Ba\VietBaIT.ChuKySo\trunk\VietBaIT.ChuKySo.Api\bin\Release\netcoreapp3.1\ 
2023-10-04 16:45:35.0529||DEBUG|DigitalSignatureCheckAccount|---------------------------------------------------------------------- 
2023-10-04 16:45:35.0529||DEBUG|DigitalSignatureCheckAccount|Begin checking account for user ADMIN with appId: 026084000490_3149784_20230930094614, secret:  
2023-10-04 16:46:00.8411||INFO|Startup|BaseDirectory: E:\Viet Ba\VietBaIT.ChuKySo\trunk\VietBaIT.ChuKySo.Api\bin\Release\netcoreapp3.1\ 
2023-10-04 16:46:04.9982||DEBUG|DigitalSignatureCheckAccount|---------------------------------------------------------------------- 
2023-10-04 16:46:05.0006||DEBUG|DigitalSignatureCheckAccount|Begin checking account for user ADMIN with appId: 026084000490_3149784_20230930094614, secret:  
2023-10-04 16:46:15.6811||DEBUG|DigitalSignatureCheckAccount|Successfully !!! 
2023-10-04 16:46:22.7760||DEBUG|DigitalSignaturePdfFileSign|---------------------------------------------------------------------- 
2023-10-04 16:46:22.7760||DEBUG|DigitalSignaturePdfFileSign|Begin iSignatureType 'imageWithText' for pdf file '2109300001_SHMD.pdf' by user 'ADMIN', userFullName 'Quản trị hệ thống' with appId: '026084000490_3149784_20230930094614', secret: '' 
2023-10-04 16:46:22.7760||DEBUG|DigitalSignaturePdfFileSign|File Length: 311893 
2023-10-04 16:46:22.7811||DEBUG|DigitalSignaturePdfFileSign|Signature Length: 0 
2023-10-04 16:46:44.3495||DEBUG|DigitalSignaturePdfFileSign|Ký hash thành công 
2023-10-04 16:46:44.3866||DEBUG|DigitalSignaturePdfFileSign|Ký thành công 
2023-10-04 16:46:49.2147||DEBUG|DigitalSignaturePdfFileSign|---------------------------------------------------------------------- 
2023-10-04 16:46:49.2183||DEBUG|DigitalSignaturePdfFileSign|Begin iSignatureType 'imageWithText' for pdf file '2109300001_SHMD.pdf' by user 'ADMIN', userFullName 'Quản trị hệ thống' with appId: '026084000490_3149784_20230930094614', secret: '' 
2023-10-04 16:46:49.2183||DEBUG|DigitalSignaturePdfFileSign|File Length: 311893 
2023-10-04 16:46:49.2183||DEBUG|DigitalSignaturePdfFileSign|Signature Length: 0 
2023-10-04 16:47:20.8484||DEBUG|DigitalSignaturePdfFileSign|Ký hash thành công 
2023-10-04 16:47:20.8790||DEBUG|DigitalSignaturePdfFileSign|Ký thành công 
2023-10-04 16:47:25.7992||DEBUG|DigitalSignaturePdfFileSign|---------------------------------------------------------------------- 
2023-10-04 16:47:25.7992||DEBUG|DigitalSignaturePdfFileSign|Begin iSignatureType 'imageWithText' for pdf file '2109300001_SHMD.pdf' by user 'ADMIN', userFullName 'Quản trị hệ thống' with appId: '026084000490_3149784_20230930094614', secret: '' 
2023-10-04 16:47:25.7992||DEBUG|DigitalSignaturePdfFileSign|File Length: 311893 
2023-10-04 16:47:25.7992||DEBUG|DigitalSignaturePdfFileSign|Signature Length: 0 
2023-10-04 16:47:50.9765||DEBUG|DigitalSignaturePdfFileSign|Ký hash thành công 
2023-10-04 16:47:50.9927||DEBUG|DigitalSignaturePdfFileSign|Ký thành công 
