2023-09-13 23:37:05.6530||INFO|Startup|BaseDirectory: E:\Viet Ba\VietBaIT.ChuKySo\trunk\VietBaIT.ChuKySo.Api\bin\Release\netcoreapp3.1\ 
2023-09-13 23:37:06.0599||DEBUG|DigitalSignatureCheckAccount|---------------------------------------------------------------------- 
2023-09-13 23:37:06.0599||DEBUG|DigitalSignatureCheckAccount|Begin checking account for user ADMIN with appId: 001092030130_3048529_20230824082257, secret:  
2023-09-13 23:37:07.9253||DEBUG|DigitalSignatureCheckAccount|Successfully !!! 
2023-09-13 23:37:31.9770||DEBUG|DigitalSignaturePdfFileSign|---------------------------------------------------------------------- 
2023-09-13 23:37:31.9770||DEBUG|DigitalSignaturePdfFileSign|Begin iSignatureType 'imageWithText' for pdf file '2109300001_SHMD.pdf' by user 'ADMIN', userFullName 'Quản trị hệ thống' with appId: '001092030130_3048529_20230824082257', secret: '' 
2023-09-13 23:37:31.9770||DEBUG|DigitalSignaturePdfFileSign|File Length: 311893 
2023-09-13 23:37:31.9770||DEBUG|DigitalSignaturePdfFileSign|Signature Length: 0 
2023-09-13 23:40:30.7403||INFO|Startup|BaseDirectory: E:\Viet Ba\VietBaIT.ChuKySo\trunk\VietBaIT.ChuKySo.Api\bin\Release\netcoreapp3.1\ 
2023-09-13 23:40:37.4097||DEBUG|DigitalSignaturePdfFileSign|---------------------------------------------------------------------- 
2023-09-13 23:40:37.4097||DEBUG|DigitalSignaturePdfFileSign|Begin iSignatureType 'imageWithText' for pdf file '2109300001_SHMD.pdf' by user 'ADMIN', userFullName 'Quản trị hệ thống' with appId: '001092030130_3048529_20230824082257', secret: '' 
2023-09-13 23:40:37.4174||DEBUG|DigitalSignaturePdfFileSign|File Length: 311893 
2023-09-13 23:40:37.4174||DEBUG|DigitalSignaturePdfFileSign|Signature Length: 0 
2023-09-13 23:40:56.0944||DEBUG|DigitalSignaturePdfFileSign|Ký hash thành công 
2023-09-13 23:40:56.1195||DEBUG|DigitalSignaturePdfFileSign|Ký thành công 
2023-09-13 23:42:25.1541||DEBUG|DigitalSignatureCheckAccount|---------------------------------------------------------------------- 
2023-09-13 23:42:25.1541||DEBUG|DigitalSignatureCheckAccount|Begin checking account for user ADMIN with appId: 001092030130_3048529_20230824082257, secret:  
2023-09-13 23:42:26.2302||DEBUG|DigitalSignatureCheckAccount|Successfully !!! 
2023-09-13 23:42:32.5177||DEBUG|DigitalSignaturePdfFileSign|---------------------------------------------------------------------- 
2023-09-13 23:42:32.5177||DEBUG|DigitalSignaturePdfFileSign|Begin iSignatureType 'imageWithText' for pdf file '2109300001_SHMD.pdf' by user 'ADMIN', userFullName 'Quản trị hệ thống' with appId: '001092030130_3048529_20230824082257', secret: '' 
2023-09-13 23:42:32.5177||DEBUG|DigitalSignaturePdfFileSign|File Length: 311893 
2023-09-13 23:42:32.5177||DEBUG|DigitalSignaturePdfFileSign|Signature Length: 0 
2023-09-13 23:42:44.1163||DEBUG|DigitalSignaturePdfFileSign|Ký hash thành công 
2023-09-13 23:42:44.1352||DEBUG|DigitalSignaturePdfFileSign|Ký thành công 
